Archive member included to satisfy reference by file (symbol)

c:/st/stm32cubeide_1.4.0/stm32cubeide/plugins/com.st.stm32cube.ide.mcu.externaltools.gnu-tools-for-stm32.7-2018-q2-update.win32_1.5.0.202011040924/tools/bin/../lib/gcc/arm-none-eabi/7.3.1/../../../../arm-none-eabi/lib/thumb/v6-m\libc_nano.a(lib_a-errno.o)
                              Core/Src/syscalls.o (__errno)
c:/st/stm32cubeide_1.4.0/stm32cubeide/plugins/com.st.stm32cube.ide.mcu.externaltools.gnu-tools-for-stm32.7-2018-q2-update.win32_1.5.0.202011040924/tools/bin/../lib/gcc/arm-none-eabi/7.3.1/../../../../arm-none-eabi/lib/thumb/v6-m\libc_nano.a(lib_a-exit.o)
                              c:/st/stm32cubeide_1.4.0/stm32cubeide/plugins/com.st.stm32cube.ide.mcu.externaltools.gnu-tools-for-stm32.7-2018-q2-update.win32_1.5.0.202011040924/tools/bin/../lib/gcc/arm-none-eabi/7.3.1/../../../../arm-none-eabi/lib/thumb/v6-m/crt0.o (exit)
c:/st/stm32cubeide_1.4.0/stm32cubeide/plugins/com.st.stm32cube.ide.mcu.externaltools.gnu-tools-for-stm32.7-2018-q2-update.win32_1.5.0.202011040924/tools/bin/../lib/gcc/arm-none-eabi/7.3.1/../../../../arm-none-eabi/lib/thumb/v6-m\libc_nano.a(lib_a-impure.o)
                              c:/st/stm32cubeide_1.4.0/stm32cubeide/plugins/com.st.stm32cube.ide.mcu.externaltools.gnu-tools-for-stm32.7-2018-q2-update.win32_1.5.0.202011040924/tools/bin/../lib/gcc/arm-none-eabi/7.3.1/../../../../arm-none-eabi/lib/thumb/v6-m\libc_nano.a(lib_a-exit.o) (_global_impure_ptr)
c:/st/stm32cubeide_1.4.0/stm32cubeide/plugins/com.st.stm32cube.ide.mcu.externaltools.gnu-tools-for-stm32.7-2018-q2-update.win32_1.5.0.202011040924/tools/bin/../lib/gcc/arm-none-eabi/7.3.1/../../../../arm-none-eabi/lib/thumb/v6-m\libc_nano.a(lib_a-init.o)
                              c:/st/stm32cubeide_1.4.0/stm32cubeide/plugins/com.st.stm32cube.ide.mcu.externaltools.gnu-tools-for-stm32.7-2018-q2-update.win32_1.5.0.202011040924/tools/bin/../lib/gcc/arm-none-eabi/7.3.1/../../../../arm-none-eabi/lib/thumb/v6-m/crt0.o (__libc_init_array)
c:/st/stm32cubeide_1.4.0/stm32cubeide/plugins/com.st.stm32cube.ide.mcu.externaltools.gnu-tools-for-stm32.7-2018-q2-update.win32_1.5.0.202011040924/tools/bin/../lib/gcc/arm-none-eabi/7.3.1/../../../../arm-none-eabi/lib/thumb/v6-m\libc_nano.a(lib_a-memcpy-stub.o)
                              Core/Src/calibration.o (memcpy)
c:/st/stm32cubeide_1.4.0/stm32cubeide/plugins/com.st.stm32cube.ide.mcu.externaltools.gnu-tools-for-stm32.7-2018-q2-update.win32_1.5.0.202011040924/tools/bin/../lib/gcc/arm-none-eabi/7.3.1/../../../../arm-none-eabi/lib/thumb/v6-m\libc_nano.a(lib_a-memset.o)
                              c:/st/stm32cubeide_1.4.0/stm32cubeide/plugins/com.st.stm32cube.ide.mcu.externaltools.gnu-tools-for-stm32.7-2018-q2-update.win32_1.5.0.202011040924/tools/bin/../lib/gcc/arm-none-eabi/7.3.1/../../../../arm-none-eabi/lib/thumb/v6-m/crt0.o (memset)
c:/st/stm32cubeide_1.4.0/stm32cubeide/plugins/com.st.stm32cube.ide.mcu.externaltools.gnu-tools-for-stm32.7-2018-q2-update.win32_1.5.0.202011040924/tools/bin/../lib/gcc/arm-none-eabi/7.3.1/thumb/v6-m\libgcc.a(_udivsi3.o)
                              Core/Src/calibration.o (__aeabi_uidiv)
c:/st/stm32cubeide_1.4.0/stm32cubeide/plugins/com.st.stm32cube.ide.mcu.externaltools.gnu-tools-for-stm32.7-2018-q2-update.win32_1.5.0.202011040924/tools/bin/../lib/gcc/arm-none-eabi/7.3.1/thumb/v6-m\libgcc.a(_dvmd_tls.o)
                              c:/st/stm32cubeide_1.4.0/stm32cubeide/plugins/com.st.stm32cube.ide.mcu.externaltools.gnu-tools-for-stm32.7-2018-q2-update.win32_1.5.0.202011040924/tools/bin/../lib/gcc/arm-none-eabi/7.3.1/thumb/v6-m\libgcc.a(_udivsi3.o) (__aeabi_idiv0)
c:/st/stm32cubeide_1.4.0/stm32cubeide/plugins/com.st.stm32cube.ide.mcu.externaltools.gnu-tools-for-stm32.7-2018-q2-update.win32_1.5.0.202011040924/tools/bin/../lib/gcc/arm-none-eabi/7.3.1/thumb/v6-m\libgcc.a(_fixunsdfsi.o)
                              Core/Src/speedConstantsSettings.o (__aeabi_d2uiz)
c:/st/stm32cubeide_1.4.0/stm32cubeide/plugins/com.st.stm32cube.ide.mcu.externaltools.gnu-tools-for-stm32.7-2018-q2-update.win32_1.5.0.202011040924/tools/bin/../lib/gcc/arm-none-eabi/7.3.1/thumb/v6-m\libgcc.a(subdf3.o)
                              c:/st/stm32cubeide_1.4.0/stm32cubeide/plugins/com.st.stm32cube.ide.mcu.externaltools.gnu-tools-for-stm32.7-2018-q2-update.win32_1.5.0.202011040924/tools/bin/../lib/gcc/arm-none-eabi/7.3.1/thumb/v6-m\libgcc.a(_fixunsdfsi.o) (__aeabi_dsub)
c:/st/stm32cubeide_1.4.0/stm32cubeide/plugins/com.st.stm32cube.ide.mcu.externaltools.gnu-tools-for-stm32.7-2018-q2-update.win32_1.5.0.202011040924/tools/bin/../lib/gcc/arm-none-eabi/7.3.1/thumb/v6-m\libgcc.a(fixdfsi.o)
                              Core/Src/speedConstantsSettings.o (__aeabi_d2iz)
c:/st/stm32cubeide_1.4.0/stm32cubeide/plugins/com.st.stm32cube.ide.mcu.externaltools.gnu-tools-for-stm32.7-2018-q2-update.win32_1.5.0.202011040924/tools/bin/../lib/gcc/arm-none-eabi/7.3.1/thumb/v6-m\libgcc.a(floatunsidf.o)
[...]
Memory Configuration

Name             Origin             Length             Attributes
RAM              0x0000000020000000 0x0000000000002000 xrw
FLASH            0x0000000008000000 0x0000000000010000 xr
*default*        0x0000000000000000 0xffffffffffffffff

Linker script and memory map

LOAD c:/st/stm32cubeide_1.4.0/stm32cubeide/plugins/com.st.stm32cube.ide.mcu.externaltools.gnu-tools-for-stm32.7-2018-q2-update.win32_1.5.0.202011040924/tools/bin/../lib/gcc/arm-none-eabi/7.3.1/thumb/v6-m/crti.o
LOAD c:/st/stm32cubeide_1.4.0/stm32cubeide/plugins/com.st.stm32cube.ide.mcu.externaltools.gnu-tools-for-stm32.7-2018-q2-update.win32_1.5.0.202011040924/tools/bin/../lib/gcc/arm-none-eabi/7.3.1/thumb/v6-m/crtbegin.o
LOAD c:/st/stm32cubeide_1.4.0/stm32cubeide/plugins/com.st.stm32cube.ide.mcu.externaltools.gnu-tools-for-stm32.7-2018-q2-update.win32_1.5.0.202011040924/tools/bin/../lib/gcc/arm-none-eabi/7.3.1/../../../../arm-none-eabi/lib/thumb/v6-m/crt0.o
LOAD Core/Src/calibration.o
LOAD Core/Src/direction.o
LOAD Core/Src/flashStorage.o
LOAD Core/Src/main.o
LOAD Core/Src/speed.o
LOAD Core/Src/speedConstantsSettings.o
LOAD Core/Src/stm32f0xx_hal_msp.o
LOAD Core/Src/stm32f0xx_it.o
LOAD Core/Src/syscalls.o
LOAD Core/Src/sysmem.o
LOAD Core/Src/system_stm32f0xx.o
LOAD Core/Src/transmission.o
LOAD Core/Startup/startup_stm32f051r8tx.o
LOAD Drivers/STM32F0xx_HAL_Driver/Src/stm32f0xx_hal.o
LOAD Drivers/STM32F0xx_HAL_Driver/Src/stm32f0xx_hal_adc.o
LOAD Drivers/STM32F0xx_HAL_Driver/Src/stm32f0xx_hal_adc_ex.o
LOAD Drivers/STM32F0xx_HAL_Driver/Src/stm32f0xx_hal_cortex.o
LOAD Drivers/STM32F0xx_HAL_Driver/Src/stm32f0xx_hal_dma.o
LOAD Drivers/STM32F0xx_HAL_Driver/Src/stm32f0xx_hal_exti.o
LOAD Drivers/STM32F0xx_HAL_Driver/Src/stm32f0xx_hal_flash.o
LOAD Drivers/STM32F0xx_HAL_Driver/Src/stm32f0xx_hal_flash_ex.o
LOAD Drivers/STM32F0xx_HAL_Driver/Src/stm32f0xx_hal_gpio.o
LOAD Drivers/STM32F0xx_HAL_Driver/Src/stm32f0xx_hal_i2c.o
LOAD Drivers/STM32F0xx_HAL_Driver/Src/stm32f0xx_hal_i2c_ex.o
LOAD Drivers/STM32F0xx_HAL_Driver/Src/stm32f0xx_hal_pwr.o
LOAD Drivers/STM32F0xx_HAL_Driver/Src/stm32f0xx_hal_pwr_ex.o
LOAD Drivers/STM32F0xx_HAL_Driver/Src/stm32f0xx_hal_rcc.o
LOAD Drivers/STM32F0xx_HAL_Driver/Src/stm32f0xx_hal_rcc_ex.o
LOAD Drivers/STM32F0xx_HAL_Driver/Src/stm32f0xx_hal_tim.o
LOAD Drivers/STM32F0xx_HAL_Driver/Src/stm32f0xx_hal_tim_ex.o
LOAD Drivers/STM32F0xx_HAL_Driver/Src/stm32f0xx_hal_uart.o
LOAD Drivers/STM32F0xx_HAL_Driver/Src/stm32f0xx_hal_uart_ex.o
START GROUP
LOAD c:/st/stm32cubeide_1.4.0/stm32cubeide/plugins/com.st.stm32cube.ide.mcu.externaltools.gnu-tools-for-stm32.7-2018-q2-update.win32_1.5.0.202011040924/tools/bin/../lib/gcc/arm-none-eabi/7.3.1/../../../../arm-none-eabi/lib/thumb/v6-m\libc_nano.a
LOAD c:/st/stm32cubeide_1.4.0/stm32cubeide/plugins/com.st.stm32cube.ide.mcu.externaltools.gnu-tools-for-stm32.7-2018-q2-update.win32_1.5.0.202011040924/tools/bin/../lib/gcc/arm-none-eabi/7.3.1/../../../../arm-none-eabi/lib/thumb/v6-m\libm.a
END GROUP
START GROUP
LOAD c:/st/stm32cubeide_1.4.0/stm32cubeide/plugins/com.st.stm32cube.ide.mcu.externaltools.gnu-tools-for-stm32.7-2018-q2-update.win32_1.5.0.202011040924/tools/bin/../lib/gcc/arm-none-eabi/7.3.1/thumb/v6-m\libgcc.a
LOAD c:/st/stm32cubeide_1.4.0/stm32cubeide/plugins/com.st.stm32cube.ide.mcu.externaltools.gnu-tools-for-stm32.7-2018-q2-update.win32_1.5.0.202011040924/tools/bin/../lib/gcc/arm-none-eabi/7.3.1/../../../../arm-none-eabi/lib/thumb/v6-m\libc_nano.a
END GROUP
START GROUP
LOAD c:/st/stm32cubeide_1.4.0/stm32cubeide/plugins/com.st.stm32cube.ide.mcu.externaltools.gnu-tools-for-stm32.7-2018-q2-update.win32_1.5.0.202011040924/tools/bin/../lib/gcc/arm-none-eabi/7.3.1/thumb/v6-m\libgcc.a
LOAD c:/st/stm32cubeide_1.4.0/stm32cubeide/plugins/com.st.stm32cube.ide.mcu.externaltools.gnu-tools-for-stm32.7-2018-q2-update.win32_1.5.0.202011040924/tools/bin/../lib/gcc/arm-none-eabi/7.3.1/../../../../arm-none-eabi/lib/thumb/v6-m\libc_nano.a
LOAD c:/st/stm32cubeide_1.4.0/stm32cubeide/plugins/com.st.stm32cube.ide.mcu.externaltools.gnu-tools-for-stm32.7-2018-q2-update.win32_1.5.0.202011040924/tools/bin/../lib/gcc/arm-none-eabi/7.3.1/../../../../arm-none-eabi/lib/thumb/v6-m\libnosys.a
END GROUP
START GROUP
LOAD c:/st/stm32cubeide_1.4.0/stm32cubeide/plugins/com.st.stm32cube.ide.mcu.externaltools.gnu-tools-for-stm32.7-2018-q2-update.win32_1.5.0.202011040924/tools/bin/../lib/gcc/arm-none-eabi/7.3.1/thumb/v6-m\libgcc.a
LOAD c:/st/stm32cubeide_1.4.0/stm32cubeide/plugins/com.st.stm32cube.ide.mcu.externaltools.gnu-tools-for-stm32.7-2018-q2-update.win32_1.5.0.202011040924/tools/bin/../lib/gcc/arm-none-eabi/7.3.1/../../../../arm-none-eabi/lib/thumb/v6-m\libc_nano.a
LOAD c:/st/stm32cubeide_1.4.0/stm32cubeide/plugins/com.st.stm32cube.ide.mcu.externaltools.gnu-tools-for-stm32.7-2018-q2-update.win32_1.5.0.202011040924/tools/bin/../lib/gcc/arm-none-eabi/7.3.1/../../../../arm-none-eabi/lib/thumb/v6-m\libnosys.a
END GROUP
LOAD c:/st/stm32cubeide_1.4.0/stm32cubeide/plugins/com.st.stm32cube.ide.mcu.externaltools.gnu-tools-for-stm32.7-2018-q2-update.win32_1.5.0.202011040924/tools/bin/../lib/gcc/arm-none-eabi/7.3.1/thumb/v6-m/crtend.o
LOAD c:/st/stm32cubeide_1.4.0/stm32cubeide/plugins/com.st.stm32cube.ide.mcu.externaltools.gnu-tools-for-stm32.7-2018-q2-update.win32_1.5.0.202011040924/tools/bin/../lib/gcc/arm-none-eabi/7.3.1/thumb/v6-m/crtn.o
                0x0000000020002000                _estack = (ORIGIN (RAM) + LENGTH (RAM))
                0x0000000000000200                _Min_Heap_Size = 0x200
                0x0000000000000400                _Min_Stack_Size = 0x400

.isr_vector     0x0000000008000000       0xc0
                0x0000000008000000                . = ALIGN (0x4)
 *(.isr_vector)
 .isr_vector    0x0000000008000000       0xc0 Core/Startup/startup_stm32f051r8tx.o
                0x0000000008000000                g_pfnVectors
                0x00000000080000c0                . = ALIGN (0x4)

.text           0x00000000080000c0     0x53ac
                0x00000000080000c0                . = ALIGN (0x4)
 *(.text)
 .text          0x00000000080000c0       0x48 c:/st/stm32cubeide_1.4.0/stm32cubeide/plugins/com.st.stm32cube.ide.mcu.externaltools.gnu-tools-for-stm32.7-2018-q2-update.win32_1.5.0.202011040924/tools/bin/../lib/gcc/arm-none-eabi/7.3.1/thumb/v6-m/crtbegin.o
 .text          0x0000000008000108      0x114 c:/st/stm32cubeide_1.4.0/stm32cubeide/plugins/com.st.stm32cube.ide.mcu.externaltools.gnu-tools-for-stm32.7-2018-q2-update.win32_1.5.0.202011040924/tools/bin/../lib/gcc/arm-none-eabi/7.3.1/thumb/v6-m\libgcc.a(_udivsi3.o)
                0x0000000008000108                __aeabi_uidiv
                0x0000000008000108                __udivsi3
                0x0000000008000214                __aeabi_uidivmod
 .text          0x000000000800021c        0x4 c:/st/stm32cubeide_1.4.0/stm32cubeide/plugins/com.st.stm32cube.ide.mcu.externaltools.gnu-tools-for-stm32.7-2018-q2-update.win32_1.5.0.202011040924/tools/bin/../lib/gcc/arm-none-eabi/7.3.1/thumb/v6-m\libgcc.a(_dvmd_tls.o)
                0x000000000800021c                __aeabi_idiv0
                0x000000000800021c                __aeabi_ldiv0
 .text          0x0000000008000220       0x3c c:/st/stm32cubeide_1.4.0/stm32cubeide/plugins/com.st.stm32cube.ide.mcu.externaltools.gnu-tools-for-stm32.7-2018-q2-update.win32_1.5.0.202011040924/tools/bin/../lib/gcc/arm-none-eabi/7.3.1/thumb/v6-m\libgcc.a(_fixunsdfsi.o)
                0x0000000008000220                __aeabi_d2uiz
                0x0000000008000220                __fixunsdfsi
 .text          0x000000000800025c      0x690 c:/st/stm32cubeide_1.4.0/stm32cubeide/plugins/com.st.stm32cube.ide.mcu.externaltools.gnu-tools-for-stm32.7-2018-q2-update.win32_1.5.0.202011040924/tools/bin/../lib/gcc/arm-none-eabi/7.3.1/thumb/v6-m\libgcc.a(subdf3.o)
                0x000000000800025c                __aeabi_dsub
 .text          0x00000000080008ec       0x6c c:/st/stm32cubeide_1.4.0/stm32cubeide/plugins/com.st.stm32cube.ide.mcu.externaltools.gnu-tools-for-stm32.7-2018-q2-update.win32_1.5.0.202011040924/tools/bin/../lib/gcc/arm-none-eabi/7.3.1/thumb/v6-m\libgcc.a(fixdfsi.o)
                0x00000000080008ec                __aeabi_d2iz
 .text          0x0000000008000958       0x64 c:/st/stm32cubeide_1.4.0/stm32cubeide/plugins/com.st.stm32cube.ide.mcu.externaltools.gnu-tools-for-stm32.7-2018-q2-update.win32_1.5.0.202011040924/tools/bin/../lib/gcc/arm-none-eabi/7.3.1/thumb/v6-m\libgcc.a(floatunsidf.o)
                0x0000000008000958                __aeabi_ui2d
 .text          0x00000000080009bc       0x7c c:/st/stm32cubeide_1.4.0/stm32cubeide/plugins/com.st.stm32cube.ide.mcu.externaltools.gnu-tools-for-stm32.7-2018-q2-update.win32_1.5.0.202011040924/tools/bin/../lib/gcc/arm-none-eabi/7.3.1/thumb/v6-m\libgcc.a(_arm_cmpdf2.o)
                0x00000000080009bc                __aeabi_cdrcmple
                0x00000000080009cc                __aeabi_cdcmple
                0x00000000080009cc                __aeabi_cdcmpeq
                0x00000000080009dc                __aeabi_dcmpeq
                0x00000000080009e8                __aeabi_dcmplt
                0x00000000080009fc                __aeabi_dcmple
                0x0000000008000a10                __aeabi_dcmpgt
                0x0000000008000a24                __aeabi_dcmpge
 .text          0x0000000008000a38       0x3c c:/st/stm32cubeide_1.4.0/stm32cubeide/plugins/com.st.stm32cube.ide.mcu.externaltools.gnu-tools-for-stm32.7-2018-q2-update.win32_1.5.0.202011040924/tools/bin/../lib/gcc/arm-none-eabi/7.3.1/thumb/v6-m\libgcc.a(_clzsi2.o)
                0x0000000008000a38                __clzsi2
 .text          0x0000000008000a74       0x78 c:/st/stm32cubeide_1.4.0/stm32cubeide/plugins/com.st.stm32cube.ide.mcu.externaltools.gnu-tools-for-stm32.7-2018-q2-update.win32_1.5.0.202011040924/tools/bin/../lib/gcc/arm-none-eabi/7.3.1/thumb/v6-m\libgcc.a(eqdf2.o)
                0x0000000008000a74                __nedf2
                0x0000000008000a74                __eqdf2
 .text          0x0000000008000aec       0xc8 c:/st/stm32cubeide_1.4.0/stm32cubeide/plugins/com.st.stm32cube.ide.mcu.externaltools.gnu-tools-for-stm32.7-2018-q2-update.win32_1.5.0.202011040924/tools/bin/../lib/gcc/arm-none-eabi/7.3.1/thumb/v6-m\libgcc.a(gedf2.o)
                0x0000000008000aec                __gedf2
                0x0000000008000aec                __gtdf2
 .text          0x0000000008000bb4       0xd0 c:/st/stm32cubeide_1.4.0/stm32cubeide/plugins/com.st.stm32cube.ide.mcu.externaltools.gnu-tools-for-stm32.7-2018-q2-update.win32_1.5.0.202011040924/tools/bin/../lib/gcc/arm-none-eabi/7.3.1/thumb/v6-m\libgcc.a(ledf2.o)
                0x0000000008000bb4                __ledf2
                0x0000000008000bb4                __ltdf2
 *(.text*)
 .text.statemachine
                0x0000000008000c84      0x594 Core/Src/calibration.o
                0x0000000008000c84                statemachine
 .text.controlScheme
                0x0000000008001218       0xb8 Core/Src/direction.o
                0x0000000008001218                controlScheme
 .text.main     0x00000000080012d0       0x68 Core/Src/main.o
                0x00000000080012d0                main
 .text.SystemClock_Config
                0x0000000008001338       0xce Core/Src/main.o
                0x0000000008001338                SystemClock_Config
 *fill*         0x0000000008001406        0x2 
 .text.MX_ADC_Init
                0x0000000008001408      0x120 Core/Src/main.o
 .text.MX_TIM3_Init
                0x0000000008001528       0xac Core/Src/main.o
 .text.MX_TIM15_Init
                0x00000000080015d4       0xb4 Core/Src/main.o
 .text.MX_USART1_UART_Init
                0x0000000008001688       0x60 Core/Src/main.o
 .text.MX_DMA_Init
                0x00000000080016e8       0x3c Core/Src/main.o
 .text.MX_GPIO_Init
                0x0000000008001724       0xe4 Core/Src/main.o
 .text.Error_Handler
                0x0000000008001808        0xa Core/Src/main.o
                0x0000000008001808                Error_Handler
 .text.conditional
                0x0000000008001812       0x88 Core/Src/speed.o
                0x0000000008001812                conditional
 *fill*         0x000000000800189a        0x2 
 .text.speedcalc
                0x000000000800189c       0x88 Core/Src/speed.o
                0x000000000800189c                speedcalc
 .text.Tavgcalc
                0x0000000008001924       0x2e Core/Src/speedConstantsSettings.o
                0x0000000008001924                Tavgcalc
 .text.kcalc    0x0000000008001952       0x36 Core/Src/speedConstantsSettings.o
                0x0000000008001952                kcalc
 .text.fourTavg
                0x0000000008001988       0x94 Core/Src/speedConstantsSettings.o
                0x0000000008001988                fourTavg
 .text.fourk    0x0000000008001a1c       0x94 Core/Src/speedConstantsSettings.o
                0x0000000008001a1c                fourk
 .text.pressureArrayInit
                0x0000000008001ab0       0xf0 Core/Src/speedConstantsSettings.o
                0x0000000008001ab0                pressureArrayInit
 .text.HAL_MspInit
                0x0000000008001ba0       0x48 Core/Src/stm32f0xx_hal_msp.o
                0x0000000008001ba0                HAL_MspInit
 .text.HAL_ADC_MspInit
                0x0000000008001be8       0xf4 Core/Src/stm32f0xx_hal_msp.o
                0x0000000008001be8                HAL_ADC_MspInit
 .text.HAL_TIM_Base_MspInit
                0x0000000008001cdc      0x130 Core/Src/stm32f0xx_hal_msp.o
                0x0000000008001cdc                HAL_TIM_Base_MspInit
 .text.HAL_UART_MspInit
                0x0000000008001e0c       0xac Core/Src/stm32f0xx_hal_msp.o
                0x0000000008001e0c                HAL_UART_MspInit
 .text.NMI_Handler
                0x0000000008001eb8        0xa Core/Src/stm32f0xx_it.o
                0x0000000008001eb8                NMI_Handler
 .text.HardFault_Handler
                0x0000000008001ec2        0x6 Core/Src/stm32f0xx_it.o
                0x0000000008001ec2                HardFault_Handler
 .text.SVC_Handler
                0x0000000008001ec8        0xa Core/Src/stm32f0xx_it.o
                0x0000000008001ec8                SVC_Handler
 .text.PendSV_Handler
                0x0000000008001ed2        0xa Core/Src/stm32f0xx_it.o
                0x0000000008001ed2                PendSV_Handler
 .text.SysTick_Handler
                0x0000000008001edc        0xe Core/Src/stm32f0xx_it.o
                0x0000000008001edc                SysTick_Handler
 *fill*         0x0000000008001eea        0x2 
 .text.EXTI0_1_IRQHandler
                0x0000000008001eec       0x44 Core/Src/stm32f0xx_it.o
                0x0000000008001eec                EXTI0_1_IRQHandler
 .text.DMA1_Channel1_IRQHandler
                0x0000000008001f30       0x18 Core/Src/stm32f0xx_it.o
                0x0000000008001f30                DMA1_Channel1_IRQHandler
 .text.ADC1_COMP_IRQHandler
                0x0000000008001f48       0x18 Core/Src/stm32f0xx_it.o
                0x0000000008001f48                ADC1_COMP_IRQHandler
 .text.TIM3_IRQHandler
                0x0000000008001f60      0x1c4 Core/Src/stm32f0xx_it.o
                0x0000000008001f60                TIM3_IRQHandler
 .text.TIM15_IRQHandler
                0x0000000008002124       0xac Core/Src/stm32f0xx_it.o
                0x0000000008002124                TIM15_IRQHandler
 .text.USART1_IRQHandler
                0x00000000080021d0       0x6c Core/Src/stm32f0xx_it.o
                0x00000000080021d0                USART1_IRQHandler
 .text.SystemInit
                0x000000000800223c        0xa Core/Src/system_stm32f0xx.o
                0x000000000800223c                SystemInit
 *fill*         0x0000000008002246        0x2 
 .text.transmission_handler
                0x0000000008002248       0x84 Core/Src/transmission.o
                0x0000000008002248                transmission_handler
 .text.Reset_Handler
                0x00000000080022cc       0x50 Core/Startup/startup_stm32f051r8tx.o
                0x00000000080022cc                Reset_Handler
 .text.Default_Handler
                0x000000000800231c        0x2 Core/Startup/startup_stm32f051r8tx.o
                0x000000000800231c                TIM1_CC_IRQHandler
                0x000000000800231c                TSC_IRQHandler
                0x000000000800231c                PVD_IRQHandler
                0x000000000800231c                I2C1_IRQHandler
                0x000000000800231c                RCC_CRS_IRQHandler
                0x000000000800231c                SPI1_IRQHandler
                0x000000000800231c                TIM6_DAC_IRQHandler
                0x000000000800231c                EXTI2_3_IRQHandler
                0x000000000800231c                I2C2_IRQHandler
                0x000000000800231c                TIM17_IRQHandler
                0x000000000800231c                CEC_CAN_IRQHandler
                0x000000000800231c                RTC_IRQHandler
                0x000000000800231c                TIM16_IRQHandler
                0x000000000800231c                EXTI4_15_IRQHandler
                0x000000000800231c                Default_Handler
                0x000000000800231c                TIM14_IRQHandler
                0x000000000800231c                DMA1_Channel4_5_IRQHandler
                0x000000000800231c                SPI2_IRQHandler
                0x000000000800231c                WWDG_IRQHandler
                0x000000000800231c                TIM2_IRQHandler
                0x000000000800231c                DMA1_Channel2_3_IRQHandler
                0x000000000800231c                USART2_IRQHandler
                0x000000000800231c                FLASH_IRQHandler
                0x000000000800231c                TIM1_BRK_UP_TRG_COM_IRQHandler
 *fill*         0x000000000800231e        0x2 
 .text.HAL_Init
                0x0000000008002320       0x28 Drivers/STM32F0xx_HAL_Driver/Src/stm32f0xx_hal.o
                0x0000000008002320                HAL_Init
 .text.HAL_InitTick
                0x0000000008002348       0x68 Drivers/STM32F0xx_HAL_Driver/Src/stm32f0xx_hal.o
                0x0000000008002348                HAL_InitTick
 .text.HAL_IncTick
                0x00000000080023b0       0x24 Drivers/STM32F0xx_HAL_Driver/Src/stm32f0xx_hal.o
                0x00000000080023b0                HAL_IncTick
 .text.HAL_GetTick
                0x00000000080023d4       0x14 Drivers/STM32F0xx_HAL_Driver/Src/stm32f0xx_hal.o
                0x00000000080023d4                HAL_GetTick
 .text.HAL_ADC_Init
                0x00000000080023e8      0x280 Drivers/STM32F0xx_HAL_Driver/Src/stm32f0xx_hal_adc.o
                0x00000000080023e8                HAL_ADC_Init
 .text.HAL_ADC_Start_DMA
                0x0000000008002668      0x104 Drivers/STM32F0xx_HAL_Driver/Src/stm32f0xx_hal_adc.o
                0x0000000008002668                HAL_ADC_Start_DMA
 .text.HAL_ADC_IRQHandler
                0x000000000800276c      0x170 Drivers/STM32F0xx_HAL_Driver/Src/stm32f0xx_hal_adc.o
                0x000000000800276c                HAL_ADC_IRQHandler
 .text.HAL_ADC_ConvCpltCallback
                0x00000000080028dc       0x10 Drivers/STM32F0xx_HAL_Driver/Src/stm32f0xx_hal_adc.o
                0x00000000080028dc                HAL_ADC_ConvCpltCallback
 .text.HAL_ADC_ConvHalfCpltCallback
                0x00000000080028ec       0x10 Drivers/STM32F0xx_HAL_Driver/Src/stm32f0xx_hal_adc.o
                0x00000000080028ec                HAL_ADC_ConvHalfCpltCallback
 .text.HAL_ADC_LevelOutOfWindowCallback
                0x00000000080028fc       0x10 Drivers/STM32F0xx_HAL_Driver/Src/stm32f0xx_hal_adc.o
                0x00000000080028fc                HAL_ADC_LevelOutOfWindowCallback
 .text.HAL_ADC_ErrorCallback
                0x000000000800290c       0x10 Drivers/STM32F0xx_HAL_Driver/Src/stm32f0xx_hal_adc.o
                0x000000000800290c                HAL_ADC_ErrorCallback
 .text.HAL_ADC_ConfigChannel
                0x000000000800291c      0x21c Drivers/STM32F0xx_HAL_Driver/Src/stm32f0xx_hal_adc.o
                0x000000000800291c                HAL_ADC_ConfigChannel
 .text.ADC_Enable
                0x0000000008002b38       0xf8 Drivers/STM32F0xx_HAL_Driver/Src/stm32f0xx_hal_adc.o
 .text.ADC_DMAConvCplt
                0x0000000008002c30       0xb4 Drivers/STM32F0xx_HAL_Driver/Src/stm32f0xx_hal_adc.o
 .text.ADC_DMAHalfConvCplt
                0x0000000008002ce4       0x1e Drivers/STM32F0xx_HAL_Driver/Src/stm32f0xx_hal_adc.o
 .text.ADC_DMAError
                0x0000000008002d02       0x36 Drivers/STM32F0xx_HAL_Driver/Src/stm32f0xx_hal_adc.o
 .text.__NVIC_EnableIRQ
                0x0000000008002d38       0x34 Drivers/STM32F0xx_HAL_Driver/Src/stm32f0xx_hal_cortex.o
 .text.__NVIC_SetPriority
                0x0000000008002d6c       0xdc Drivers/STM32F0xx_HAL_Driver/Src/stm32f0xx_hal_cortex.o
 .text.SysTick_Config
                0x0000000008002e48       0x48 Drivers/STM32F0xx_HAL_Driver/Src/stm32f0xx_hal_cortex.o
 .text.HAL_NVIC_SetPriority
                0x0000000008002e90       0x2a Drivers/STM32F0xx_HAL_Driver/Src/stm32f0xx_hal_cortex.o
                0x0000000008002e90                HAL_NVIC_SetPriority
 .text.HAL_NVIC_EnableIRQ
                0x0000000008002eba       0x20 Drivers/STM32F0xx_HAL_Driver/Src/stm32f0xx_hal_cortex.o
                0x0000000008002eba                HAL_NVIC_EnableIRQ
 .text.HAL_SYSTICK_Config
                0x0000000008002eda       0x1a Drivers/STM32F0xx_HAL_Driver/Src/stm32f0xx_hal_cortex.o
                0x0000000008002eda                HAL_SYSTICK_Config
 .text.HAL_DMA_Init
                0x0000000008002ef4       0x90 Drivers/STM32F0xx_HAL_Driver/Src/stm32f0xx_hal_dma.o
                0x0000000008002ef4                HAL_DMA_Init
 .text.HAL_DMA_Start_IT
                0x0000000008002f84       0xcc Drivers/STM32F0xx_HAL_Driver/Src/stm32f0xx_hal_dma.o
                0x0000000008002f84                HAL_DMA_Start_IT
 .text.HAL_DMA_Abort_IT
                0x0000000008003050       0x8c Drivers/STM32F0xx_HAL_Driver/Src/stm32f0xx_hal_dma.o
                0x0000000008003050                HAL_DMA_Abort_IT
 .text.HAL_DMA_IRQHandler
                0x00000000080030dc      0x144 Drivers/STM32F0xx_HAL_Driver/Src/stm32f0xx_hal_dma.o
                0x00000000080030dc                HAL_DMA_IRQHandler
 .text.DMA_SetConfig
                0x0000000008003220       0x58 Drivers/STM32F0xx_HAL_Driver/Src/stm32f0xx_hal_dma.o
 .text.DMA_CalcBaseAndBitshift
                0x0000000008003278       0x38 Drivers/STM32F0xx_HAL_Driver/Src/stm32f0xx_hal_dma.o
 .text.HAL_GPIO_Init
                0x00000000080032b0      0x2e0 Drivers/STM32F0xx_HAL_Driver/Src/stm32f0xx_hal_gpio.o
                0x00000000080032b0                HAL_GPIO_Init
 .text.HAL_GPIO_WritePin
                0x0000000008003590       0x3a Drivers/STM32F0xx_HAL_Driver/Src/stm32f0xx_hal_gpio.o
                0x0000000008003590                HAL_GPIO_WritePin
 *fill*         0x00000000080035ca        0x2 
 .text.HAL_GPIO_EXTI_IRQHandler
                0x00000000080035cc       0x38 Drivers/STM32F0xx_HAL_Driver/Src/stm32f0xx_hal_gpio.o
                0x00000000080035cc                HAL_GPIO_EXTI_IRQHandler
 .text.HAL_GPIO_EXTI_Callback
                0x0000000008003604       0x14 Drivers/STM32F0xx_HAL_Driver/Src/stm32f0xx_hal_gpio.o
                0x0000000008003604                HAL_GPIO_EXTI_Callback
 .text.HAL_RCC_OscConfig
                0x0000000008003618      0x638 Drivers/STM32F0xx_HAL_Driver/Src/stm32f0xx_hal_rcc.o
                0x0000000008003618                HAL_RCC_OscConfig
 .text.HAL_RCC_ClockConfig
                0x0000000008003c50      0x19c Drivers/STM32F0xx_HAL_Driver/Src/stm32f0xx_hal_rcc.o
                0x0000000008003c50                HAL_RCC_ClockConfig
 .text.HAL_RCC_GetSysClockFreq
                0x0000000008003dec       0xc8 Drivers/STM32F0xx_HAL_Driver/Src/stm32f0xx_hal_rcc.o
                0x0000000008003dec                HAL_RCC_GetSysClockFreq
 .text.HAL_RCC_GetHCLKFreq
                0x0000000008003eb4       0x14 Drivers/STM32F0xx_HAL_Driver/Src/stm32f0xx_hal_rcc.o
                0x0000000008003eb4                HAL_RCC_GetHCLKFreq
 .text.HAL_RCC_GetPCLK1Freq
                0x0000000008003ec8       0x2c Drivers/STM32F0xx_HAL_Driver/Src/stm32f0xx_hal_rcc.o
                0x0000000008003ec8                HAL_RCC_GetPCLK1Freq
 .text.HAL_RCCEx_PeriphCLKConfig
                0x0000000008003ef4      0x1bc Drivers/STM32F0xx_HAL_Driver/Src/stm32f0xx_hal_rcc_ex.o
                0x0000000008003ef4                HAL_RCCEx_PeriphCLKConfig
 .text.HAL_TIM_Base_Init
                0x00000000080040b0       0x58 Drivers/STM32F0xx_HAL_Driver/Src/stm32f0xx_hal_tim.o
                0x00000000080040b0                HAL_TIM_Base_Init
 .text.HAL_TIM_Base_Stop
                0x0000000008004108       0x54 Drivers/STM32F0xx_HAL_Driver/Src/stm32f0xx_hal_tim.o
                0x0000000008004108                HAL_TIM_Base_Stop
 .text.HAL_TIM_Base_Start_IT
                0x000000000800415c       0x44 Drivers/STM32F0xx_HAL_Driver/Src/stm32f0xx_hal_tim.o
                0x000000000800415c                HAL_TIM_Base_Start_IT
 .text.HAL_TIM_IRQHandler
                0x00000000080041a0      0x22c Drivers/STM32F0xx_HAL_Driver/Src/stm32f0xx_hal_tim.o
                0x00000000080041a0                HAL_TIM_IRQHandler
 .text.HAL_TIM_ConfigClockSource
                0x00000000080043cc      0x17c Drivers/STM32F0xx_HAL_Driver/Src/stm32f0xx_hal_tim.o
                0x00000000080043cc                HAL_TIM_ConfigClockSource
 .text.HAL_TIM_PeriodElapsedCallback
                0x0000000008004548       0x10 Drivers/STM32F0xx_HAL_Driver/Src/stm32f0xx_hal_tim.o
                0x0000000008004548                HAL_TIM_PeriodElapsedCallback
 .text.HAL_TIM_OC_DelayElapsedCallback
                0x0000000008004558       0x10 Drivers/STM32F0xx_HAL_Driver/Src/stm32f0xx_hal_tim.o
                0x0000000008004558                HAL_TIM_OC_DelayElapsedCallback
 .text.HAL_TIM_IC_CaptureCallback
                0x0000000008004568       0x10 Drivers/STM32F0xx_HAL_Driver/Src/stm32f0xx_hal_tim.o
                0x0000000008004568                HAL_TIM_IC_CaptureCallback
 .text.HAL_TIM_PWM_PulseFinishedCallback
                0x0000000008004578       0x10 Drivers/STM32F0xx_HAL_Driver/Src/stm32f0xx_hal_tim.o
                0x0000000008004578                HAL_TIM_PWM_PulseFinishedCallback
 .text.HAL_TIM_TriggerCallback
                0x0000000008004588       0x10 Drivers/STM32F0xx_HAL_Driver/Src/stm32f0xx_hal_tim.o
                0x0000000008004588                HAL_TIM_TriggerCallback
 .text.TIM_Base_SetConfig
                0x0000000008004598      0x100 Drivers/STM32F0xx_HAL_Driver/Src/stm32f0xx_hal_tim.o
                0x0000000008004598                TIM_Base_SetConfig
 .text.TIM_TI1_ConfigInputStage
                0x0000000008004698       0x5c Drivers/STM32F0xx_HAL_Driver/Src/stm32f0xx_hal_tim.o
 .text.TIM_TI2_ConfigInputStage
                0x00000000080046f4       0x64 Drivers/STM32F0xx_HAL_Driver/Src/stm32f0xx_hal_tim.o
 .text.TIM_ITRx_SetConfig
                0x0000000008004758       0x32 Drivers/STM32F0xx_HAL_Driver/Src/stm32f0xx_hal_tim.o
 *fill*         0x000000000800478a        0x2 
 .text.TIM_ETR_SetConfig
                0x000000000800478c       0x40 Drivers/STM32F0xx_HAL_Driver/Src/stm32f0xx_hal_tim.o
                0x000000000800478c                TIM_ETR_SetConfig
 .text.HAL_TIMEx_MasterConfigSynchronization
                0x00000000080047cc       0xbc Drivers/STM32F0xx_HAL_Driver/Src/stm32f0xx_hal_tim_ex.o
                0x00000000080047cc                HAL_TIMEx_MasterConfigSynchronization
 .text.HAL_TIMEx_CommutCallback
                0x0000000008004888       0x10 Drivers/STM32F0xx_HAL_Driver/Src/stm32f0xx_hal_tim_ex.o
                0x0000000008004888                HAL_TIMEx_CommutCallback
 .text.HAL_TIMEx_BreakCallback
                0x0000000008004898       0x10 Drivers/STM32F0xx_HAL_Driver/Src/stm32f0xx_hal_tim_ex.o
                0x0000000008004898                HAL_TIMEx_BreakCallback
 .text.HAL_UART_Init
                0x00000000080048a8       0xa8 Drivers/STM32F0xx_HAL_Driver/Src/stm32f0xx_hal_uart.o
                0x00000000080048a8                HAL_UART_Init
 .text.HAL_UART_Transmit
                0x0000000008004950      0x150 Drivers/STM32F0xx_HAL_Driver/Src/stm32f0xx_hal_uart.o
                0x0000000008004950                HAL_UART_Transmit
 .text.HAL_UART_IRQHandler
                0x0000000008004aa0      0x278 Drivers/STM32F0xx_HAL_Driver/Src/stm32f0xx_hal_uart.o
                0x0000000008004aa0                HAL_UART_IRQHandler
 .text.HAL_UART_TxCpltCallback
                0x0000000008004d18       0x10 Drivers/STM32F0xx_HAL_Driver/Src/stm32f0xx_hal_uart.o
                0x0000000008004d18                HAL_UART_TxCpltCallback
 .text.HAL_UART_ErrorCallback
                0x0000000008004d28       0x10 Drivers/STM32F0xx_HAL_Driver/Src/stm32f0xx_hal_uart.o
                0x0000000008004d28                HAL_UART_ErrorCallback
 .text.UART_SetConfig
                0x0000000008004d38      0x30c Drivers/STM32F0xx_HAL_Driver/Src/stm32f0xx_hal_uart.o
                0x0000000008004d38                UART_SetConfig
 .text.UART_AdvFeatureConfig
                0x0000000008005044      0x168 Drivers/STM32F0xx_HAL_Driver/Src/stm32f0xx_hal_uart.o
                0x0000000008005044                UART_AdvFeatureConfig
 .text.UART_CheckIdleState
                0x00000000080051ac       0x8c Drivers/STM32F0xx_HAL_Driver/Src/stm32f0xx_hal_uart.o
                0x00000000080051ac                UART_CheckIdleState
 .text.UART_WaitOnFlagUntilTimeout
                0x0000000008005238       0xfc Drivers/STM32F0xx_HAL_Driver/Src/stm32f0xx_hal_uart.o
                0x0000000008005238                UART_WaitOnFlagUntilTimeout
 .text.UART_EndRxTransfer
                0x0000000008005334       0x40 Drivers/STM32F0xx_HAL_Driver/Src/stm32f0xx_hal_uart.o
 .text.UART_DMAAbortOnError
                0x0000000008005374       0x2e Drivers/STM32F0xx_HAL_Driver/Src/stm32f0xx_hal_uart.o
 .text.UART_EndTransmit_IT
                0x00000000080053a2       0x34 Drivers/STM32F0xx_HAL_Driver/Src/stm32f0xx_hal_uart.o
 .text.HAL_UARTEx_WakeupCallback
                0x00000000080053d6       0x10 Drivers/STM32F0xx_HAL_Driver/Src/stm32f0xx_hal_uart_ex.o
                0x00000000080053d6                HAL_UARTEx_WakeupCallback
 *fill*         0x00000000080053e6        0x2 
 .text.__libc_init_array
                0x00000000080053e8       0x48 c:/st/stm32cubeide_1.4.0/stm32cubeide/plugins/com.st.stm32cube.ide.mcu.externaltools.gnu-tools-for-stm32.7-2018-q2-update.win32_1.5.0.202011040924/tools/bin/../lib/gcc/arm-none-eabi/7.3.1/../../../../arm-none-eabi/lib/thumb/v6-m\libc_nano.a(lib_a-init.o)
                0x00000000080053e8                __libc_init_array
 .text.memcpy   0x0000000008005430       0x12 c:/st/stm32cubeide_1.4.0/stm32cubeide/plugins/com.st.stm32cube.ide.mcu.externaltools.gnu-tools-for-stm32.7-2018-q2-update.win32_1.5.0.202011040924/tools/bin/../lib/gcc/arm-none-eabi/7.3.1/../../../../arm-none-eabi/lib/thumb/v6-m\libc_nano.a(lib_a-memcpy-stub.o)
                0x0000000008005430                memcpy
 .text.memset   0x0000000008005442       0x10 c:/st/stm32cubeide_1.4.0/stm32cubeide/plugins/com.st.stm32cube.ide.mcu.externaltools.gnu-tools-for-stm32.7-2018-q2-update.win32_1.5.0.202011040924/tools/bin/../lib/gcc/arm-none-eabi/7.3.1/../../../../arm-none-eabi/lib/thumb/v6-m\libc_nano.a(lib_a-memset.o)
                0x0000000008005442                memset
 *(.glue_7)
 .glue_7        0x0000000008005452        0x0 linker stubs
 *(.glue_7t)
 .glue_7t       0x0000000008005452        0x0 linker stubs
 *(.eh_frame)
 *fill*         0x0000000008005452        0x2 
 .eh_frame      0x0000000008005454        0x0 c:/st/stm32cubeide_1.4.0/stm32cubeide/plugins/com.st.stm32cube.ide.mcu.externaltools.gnu-tools-for-stm32.7-2018-q2-update.win32_1.5.0.202011040924/tools/bin/../lib/gcc/arm-none-eabi/7.3.1/thumb/v6-m/crtbegin.o
 *(.init)
 .init          0x0000000008005454        0x4 c:/st/stm32cubeide_1.4.0/stm32cubeide/plugins/com.st.stm32cube.ide.mcu.externaltools.gnu-tools-for-stm32.7-2018-q2-update.win32_1.5.0.202011040924/tools/bin/../lib/gcc/arm-none-eabi/7.3.1/thumb/v6-m/crti.o
                0x0000000008005454                _init
 .init          0x0000000008005458        0x8 c:/st/stm32cubeide_1.4.0/stm32cubeide/plugins/com.st.stm32cube.ide.mcu.externaltools.gnu-tools-for-stm32.7-2018-q2-update.win32_1.5.0.202011040924/tools/bin/../lib/gcc/arm-none-eabi/7.3.1/thumb/v6-m/crtn.o
 *(.fini)
 .fini          0x0000000008005460        0x4 c:/st/stm32cubeide_1.4.0/stm32cubeide/plugins/com.st.stm32cube.ide.mcu.externaltools.gnu-tools-for-stm32.7-2018-q2-update.win32_1.5.0.202011040924/tools/bin/../lib/gcc/arm-none-eabi/7.3.1/thumb/v6-m/crti.o
                0x0000000008005460                _fini
 .fini          0x0000000008005464        0x8 c:/st/stm32cubeide_1.4.0/stm32cubeide/plugins/com.st.stm32cube.ide.mcu.externaltools.gnu-tools-for-stm32.7-2018-q2-update.win32_1.5.0.202011040924/tools/bin/../lib/gcc/arm-none-eabi/7.3.1/thumb/v6-m/crtn.o
                0x000000000800546c                . = ALIGN (0x4)
                0x000000000800546c                _etext = .

.vfp11_veneer   0x000000000800546c        0x0
 .vfp11_veneer  0x000000000800546c        0x0 linker stubs

.v4_bx          0x000000000800546c        0x0
 .v4_bx         0x000000000800546c        0x0 linker stubs

.iplt           0x000000000800546c        0x0
 .iplt          0x000000000800546c        0x0 c:/st/stm32cubeide_1.4.0/stm32cubeide/plugins/com.st.stm32cube.ide.mcu.externaltools.gnu-tools-for-stm32.7-2018-q2-update.win32_1.5.0.202011040924/tools/bin/../lib/gcc/arm-none-eabi/7.3.1/thumb/v6-m/crtbegin.o

.rodata         0x000000000800546c       0x7c
                0x000000000800546c                . = ALIGN (0x4)
 *(.rodata)
 .rodata        0x000000000800546c       0x20 Drivers/STM32F0xx_HAL_Driver/Src/stm32f0xx_hal_rcc.o
 *(.rodata*)
 .rodata.statemachine
                0x000000000800548c       0x44 Core/Src/calibration.o
 .rodata.AHBPrescTable
                0x00000000080054d0       0x10 Core/Src/system_stm32f0xx.o
                0x00000000080054d0                AHBPrescTable
 .rodata.APBPrescTable
                0x00000000080054e0        0x8 Core/Src/system_stm32f0xx.o
                0x00000000080054e0                APBPrescTable
                0x00000000080054e8                . = ALIGN (0x4)

.rel.dyn        0x00000000080054e8        0x0
 .rel.iplt      0x00000000080054e8        0x0 c:/st/stm32cubeide_1.4.0/stm32cubeide/plugins/com.st.stm32cube.ide.mcu.externaltools.gnu-tools-for-stm32.7-2018-q2-update.win32_1.5.0.202011040924/tools/bin/../lib/gcc/arm-none-eabi/7.3.1/thumb/v6-m/crtbegin.o

.ARM.extab      0x00000000080054e8        0x0
                0x00000000080054e8                . = ALIGN (0x4)
 *(.ARM.extab* .gnu.linkonce.armextab.*)
                0x00000000080054e8                . = ALIGN (0x4)

.ARM            0x00000000080054e8        0x0
                0x00000000080054e8                . = ALIGN (0x4)
                0x00000000080054e8                __exidx_start = .
 *(.ARM.exidx*)
                0x00000000080054e8                __exidx_end = .
                0x00000000080054e8                . = ALIGN (0x4)

.preinit_array  0x00000000080054e8        0x0
                0x00000000080054e8                . = ALIGN (0x4)
                0x00000000080054e8                PROVIDE (__preinit_array_start = .)
 *(.preinit_array*)
                0x00000000080054e8                PROVIDE (__preinit_array_end = .)
                0x00000000080054e8                . = ALIGN (0x4)

.init_array     0x00000000080054e8        0x4
                0x00000000080054e8                . = ALIGN (0x4)
                0x00000000080054e8                PROVIDE (__init_array_start = .)
 *(SORT_BY_NAME(.init_array.*))
 *(.init_array*)
 .init_array    0x00000000080054e8        0x4 c:/st/stm32cubeide_1.4.0/stm32cubeide/plugins/com.st.stm32cube.ide.mcu.externaltools.gnu-tools-for-stm32.7-2018-q2-update.win32_1.5.0.202011040924/tools/bin/../lib/gcc/arm-none-eabi/7.3.1/thumb/v6-m/crtbegin.o
                0x00000000080054ec                PROVIDE (__init_array_end = .)
                0x00000000080054ec                . = ALIGN (0x4)

.fini_array     0x00000000080054ec        0x4
                0x00000000080054ec                . = ALIGN (0x4)
                [!provide]                        PROVIDE (__fini_array_start = .)
 *(SORT_BY_NAME(.fini_array.*))
 *(.fini_array*)
 .fini_array    0x00000000080054ec        0x4 c:/st/stm32cubeide_1.4.0/stm32cubeide/plugins/com.st.stm32cube.ide.mcu.externaltools.gnu-tools-for-stm32.7-2018-q2-update.win32_1.5.0.202011040924/tools/bin/../lib/gcc/arm-none-eabi/7.3.1/thumb/v6-m/crtbegin.o
                [!provide]                        PROVIDE (__fini_array_end = .)
                0x00000000080054f0                . = ALIGN (0x4)
                0x00000000080054f0                _sidata = LOADADDR (.data)

.data           0x0000000020000000        0xc load address 0x00000000080054f0
                0x0000000020000000                . = ALIGN (0x4)
                0x0000000020000000                _sdata = .
 *(.data)
 *(.data*)
 .data.SystemCoreClock
                0x0000000020000000        0x4 Core/Src/system_stm32f0xx.o
                0x0000000020000000                SystemCoreClock
 .data.uwTickPrio
                0x0000000020000004        0x4 Drivers/STM32F0xx_HAL_Driver/Src/stm32f0xx_hal.o
                0x0000000020000004                uwTickPrio
 .data.uwTickFreq
                0x0000000020000008        0x1 Drivers/STM32F0xx_HAL_Driver/Src/stm32f0xx_hal.o
                0x0000000020000008                uwTickFreq
                0x000000002000000c                . = ALIGN (0x4)
 *fill*         0x0000000020000009        0x3 
                0x000000002000000c                _edata = .

.igot.plt       0x000000002000000c        0x0 load address 0x00000000080054fc
 .igot.plt      0x000000002000000c        0x0 c:/st/stm32cubeide_1.4.0/stm32cubeide/plugins/com.st.stm32cube.ide.mcu.externaltools.gnu-tools-for-stm32.7-2018-q2-update.win32_1.5.0.202011040924/tools/bin/../lib/gcc/arm-none-eabi/7.3.1/thumb/v6-m/crtbegin.o
                0x000000002000000c                . = ALIGN (0x4)

.bss            0x000000002000000c      0x3ec load address 0x00000000080054fc
                0x000000002000000c                _sbss = .
                0x000000002000000c                __bss_start__ = _sbss
 *(.bss)
 .bss           0x000000002000000c       0x1c c:/st/stm32cubeide_1.4.0/stm32cubeide/plugins/com.st.stm32cube.ide.mcu.externaltools.gnu-tools-for-stm32.7-2018-q2-update.win32_1.5.0.202011040924/tools/bin/../lib/gcc/arm-none-eabi/7.3.1/thumb/v6-m/crtbegin.o
 *(.bss*)
 .bss.set_state
                0x0000000020000028        0x1 Core/Src/main.o
                0x0000000020000028                set_state
 .bss.last_state_completed
                0x0000000020000029        0x1 Core/Src/main.o
                0x0000000020000029                last_state_completed
 .bss.cal_complete
                0x000000002000002a        0x1 Core/Src/main.o
                0x000000002000002a                cal_complete
 *fill*         0x000000002000002b        0x1 
 .bss.tempcounter
                0x000000002000002c        0x4 Core/Src/main.o
                0x000000002000002c                tempcounter
 *(COMMON)
 COMMON         0x0000000020000030      0x3c0 Core/Src/main.o
                0x0000000020000030                RawFSRInput
                0x0000000020000044                rightTmax
                0x0000000020000048                RawFSRAvg
                0x000000002000004c                frontTavg
                0x0000000020000050                htim15
                0x0000000020000090                leftTmax
                0x0000000020000094                reversek
                0x0000000020000098                frontk
                0x000000002000009c                pressureleft
                0x0000000020000110                htim3
                0x0000000020000150                modeflag
                0x0000000020000154                frontTr
                0x0000000020000158                direction
                0x000000002000015c                pressurereverse
                0x00000000200001d0                mode
                0x00000000200001d4                huart1
                0x0000000020000254                pressureright
                0x00000000200002c8                pressurefront
                0x000000002000033c                frontTmax
                0x0000000020000340                rightTavg
                0x0000000020000344                reverseTr
                0x0000000020000348                reverseTavg
                0x000000002000034c                leftk
                0x0000000020000350                leftTavg
                0x0000000020000354                calADCavg
                0x0000000020000358                rightk
                0x000000002000035c                speed
                0x0000000020000360                reverseTmax
                0x0000000020000364                hdma_adc
                0x00000000200003a8                leftTr
                0x00000000200003ac                hadc
                0x00000000200003ec                rightTr
 COMMON         0x00000000200003f0        0x1 Core/Src/transmission.o
                0x00000000200003f0                txbuffer
 *fill*         0x00000000200003f1        0x3 
 COMMON         0x00000000200003f4        0x4 Drivers/STM32F0xx_HAL_Driver/Src/stm32f0xx_hal.o
                0x00000000200003f4                uwTick
                0x00000000200003f8                . = ALIGN (0x4)
                0x00000000200003f8                _ebss = .
                0x00000000200003f8                __bss_end__ = _ebss

._user_heap_stack
                0x00000000200003f8      0x600 load address 0x00000000080054fc
                0x00000000200003f8                . = ALIGN (0x8)
                [!provide]                        PROVIDE (end = .)
                0x00000000200003f8                PROVIDE (_end = .)
                0x00000000200005f8                . = (. + _Min_Heap_Size)
 *fill*         0x00000000200003f8      0x200 
                0x00000000200009f8                . = (. + _Min_Stack_Size)
 *fill*         0x00000000200005f8      0x400 
                0x00000000200009f8                . = ALIGN (0x8)

/DISCARD/
 libc.a(*)
 libm.a(*)
 libgcc.a(*)

.ARM.attributes
                0x0000000000000000       0x28
 *(.ARM.attributes)
 .ARM.attributes
                0x0000000000000000       0x1e c:/st/stm32cubeide_1.4.0/stm32cubeide/plugins/com.st.stm32cube.ide.mcu.externaltools.gnu-tools-for-stm32.7-2018-q2-update.win32_1.5.0.202011040924/tools/bin/../lib/gcc/arm-none-eabi/7.3.1/thumb/v6-m/crti.o
 .ARM.attributes
                0x000000000000001e       0x2c c:/st/stm32cubeide_1.4.0/stm32cubeide/plugins/com.st.stm32cube.ide.mcu.externaltools.gnu-tools-for-stm32.7-2018-q2-update.win32_1.5.0.202011040924/tools/bin/../lib/gcc/arm-none-eabi/7.3.1/thumb/v6-m/crtbegin.o
 .ARM.attributes
                0x000000000000004a       0x31 Core/Src/calibration.o
 .ARM.attributes
                0x000000000000007b       0x31 Core/Src/direction.o
 .ARM.attributes
                0x00000000000000ac       0x31 Core/Src/main.o
 .ARM.attributes
                0x00000000000000dd       0x31 Core/Src/speed.o
 .ARM.attributes
                0x000000000000010e       0x31 Core/Src/speedConstantsSettings.o
 .ARM.attributes
                0x000000000000013f       0x31 Core/Src/stm32f0xx_hal_msp.o
 .ARM.attributes
                0x0000000000000170       0x31 Core/Src/stm32f0xx_it.o
 .ARM.attributes
                0x00000000000001a1       0x31 Core/Src/system_stm32f0xx.o
 .ARM.attributes
                0x00000000000001d2       0x31 Core/Src/transmission.o
 .ARM.attributes
                0x0000000000000203       0x21 Core/Startup/startup_stm32f051r8tx.o
 .ARM.attributes
                0x0000000000000224       0x31 Drivers/STM32F0xx_HAL_Driver/Src/stm32f0xx_hal.o
 .ARM.attributes
                0x0000000000000255       0x31 Drivers/STM32F0xx_HAL_Driver/Src/stm32f0xx_hal_adc.o
 .ARM.attributes
                0x0000000000000286       0x31 Drivers/STM32F0xx_HAL_Driver/Src/stm32f0xx_hal_cortex.o
 .ARM.attributes
                0x00000000000002b7       0x31 Drivers/STM32F0xx_HAL_Driver/Src/stm32f0xx_hal_dma.o
 .ARM.attributes
                0x00000000000002e8       0x31 Drivers/STM32F0xx_HAL_Driver/Src/stm32f0xx_hal_gpio.o
 .ARM.attributes
                0x0000000000000319       0x31 Drivers/STM32F0xx_HAL_Driver/Src/stm32f0xx_hal_rcc.o
 .ARM.attributes
                0x000000000000034a       0x31 Drivers/STM32F0xx_HAL_Driver/Src/stm32f0xx_hal_rcc_ex.o
 .ARM.attributes
                0x000000000000037b       0x31 Drivers/STM32F0xx_HAL_Driver/Src/stm32f0xx_hal_tim.o
 .ARM.attributes
                0x00000000000003ac       0x31 Drivers/STM32F0xx_HAL_Driver/Src/stm32f0xx_hal_tim_ex.o
 .ARM.attributes
                0x00000000000003dd       0x31 Drivers/STM32F0xx_HAL_Driver/Src/stm32f0xx_hal_uart.o
 .ARM.attributes
                0x000000000000040e       0x31 Drivers/STM32F0xx_HAL_Driver/Src/stm32f0xx_hal_uart_ex.o
 .ARM.attributes
                0x000000000000043f       0x2c c:/st/stm32cubeide_1.4.0/stm32cubeide/plugins/com.st.stm32cube.ide.mcu.externaltools.gnu-tools-for-stm32.7-2018-q2-update.win32_1.5.0.202011040924/tools/bin/../lib/gcc/arm-none-eabi/7.3.1/../../../../arm-none-eabi/lib/thumb/v6-m\libc_nano.a(lib_a-init.o)
 .ARM.attributes
                0x000000000000046b       0x2c c:/st/stm32cubeide_1.4.0/stm32cubeide/plugins/com.st.stm32cube.ide.mcu.externaltools.gnu-tools-for-stm32.7-2018-q2-update.win32_1.5.0.202011040924/tools/bin/../lib/gcc/arm-none-eabi/7.3.1/../../../../arm-none-eabi/lib/thumb/v6-m\libc_nano.a(lib_a-memcpy-stub.o)
 .ARM.attributes
                0x0000000000000497       0x2c c:/st/stm32cubeide_1.4.0/stm32cubeide/plugins/com.st.stm32cube.ide.mcu.externaltools.gnu-tools-for-stm32.7-2018-q2-update.win32_1.5.0.202011040924/tools/bin/../lib/gcc/arm-none-eabi/7.3.1/../../../../arm-none-eabi/lib/thumb/v6-m\libc_nano.a(lib_a-memset.o)
 .ARM.attributes
                0x00000000000004c3       0x1e c:/st/stm32cubeide_1.4.0/stm32cubeide/plugins/com.st.stm32cube.ide.mcu.externaltools.gnu-tools-for-stm32.7-2018-q2-update.win32_1.5.0.202011040924/tools/bin/../lib/gcc/arm-none-eabi/7.3.1/thumb/v6-m\libgcc.a(_udivsi3.o)
 .ARM.attributes
                0x00000000000004e1       0x1e c:/st/stm32cubeide_1.4.0/stm32cubeide/plugins/com.st.stm32cube.ide.mcu.externaltools.gnu-tools-for-stm32.7-2018-q2-update.win32_1.5.0.202011040924/tools/bin/../lib/gcc/arm-none-eabi/7.3.1/thumb/v6-m\libgcc.a(_dvmd_tls.o)
 .ARM.attributes
                0x00000000000004ff       0x2c c:/st/stm32cubeide_1.4.0/stm32cubeide/plugins/com.st.stm32cube.ide.mcu.externaltools.gnu-tools-for-stm32.7-2018-q2-update.win32_1.5.0.202011040924/tools/bin/../lib/gcc/arm-none-eabi/7.3.1/thumb/v6-m\libgcc.a(_fixunsdfsi.o)
 .ARM.attributes
                0x000000000000052b       0x2c c:/st/stm32cubeide_1.4.0/stm32cubeide/plugins/com.st.stm32cube.ide.mcu.externaltools.gnu-tools-for-stm32.7-2018-q2-update.win32_1.5.0.202011040924/tools/bin/../lib/gcc/arm-none-eabi/7.3.1/thumb/v6-m\libgcc.a(subdf3.o)
 .ARM.attributes
                0x0000000000000557       0x2c c:/st/stm32cubeide_1.4.0/stm32cubeide/plugins/com.st.stm32cube.ide.mcu.externaltools.gnu-tools-for-stm32.7-2018-q2-update.win32_1.5.0.202011040924/tools/bin/../lib/gcc/arm-none-eabi/7.3.1/thumb/v6-m\libgcc.a(fixdfsi.o)
 .ARM.attributes
                0x0000000000000583       0x2c c:/st/stm32cubeide_1.4.0/stm32cubeide/plugins/com.st.stm32cube.ide.mcu.externaltools.gnu-tools-for-stm32.7-2018-q2-update.win32_1.5.0.202011040924/tools/bin/../lib/gcc/arm-none-eabi/7.3.1/thumb/v6-m\libgcc.a(floatunsidf.o)
 .ARM.attributes
                0x00000000000005af       0x1e c:/st/stm32cubeide_1.4.0/stm32cubeide/plugins/com.st.stm32cube.ide.mcu.externaltools.gnu-tools-for-stm32.7-2018-q2-update.win32_1.5.0.202011040924/tools/bin/../lib/gcc/arm-none-eabi/7.3.1/thumb/v6-m\libgcc.a(_arm_cmpdf2.o)
 .ARM.attributes
                0x00000000000005cd       0x1e c:/st/stm32cubeide_1.4.0/stm32cubeide/plugins/com.st.stm32cube.ide.mcu.externaltools.gnu-tools-for-stm32.7-2018-q2-update.win32_1.5.0.202011040924/tools/bin/../lib/gcc/arm-none-eabi/7.3.1/thumb/v6-m\libgcc.a(_clzsi2.o)
 .ARM.attributes
                0x00000000000005eb       0x2c c:/st/stm32cubeide_1.4.0/stm32cubeide/plugins/com.st.stm32cube.ide.mcu.externaltools.gnu-tools-for-stm32.7-2018-q2-update.win32_1.5.0.202011040924/tools/bin/../lib/gcc/arm-none-eabi/7.3.1/thumb/v6-m\libgcc.a(eqdf2.o)
 .ARM.attributes
                0x0000000000000617       0x2c c:/st/stm32cubeide_1.4.0/stm32cubeide/plugins/com.st.stm32cube.ide.mcu.externaltools.gnu-tools-for-stm32.7-2018-q2-update.win32_1.5.0.202011040924/tools/bin/../lib/gcc/arm-none-eabi/7.3.1/thumb/v6-m\libgcc.a(gedf2.o)
 .ARM.attributes
                0x0000000000000643       0x2c c:/st/stm32cubeide_1.4.0/stm32cubeide/plugins/com.st.stm32cube.ide.mcu.externaltools.gnu-tools-for-stm32.7-2018-q2-update.win32_1.5.0.202011040924/tools/bin/../lib/gcc/arm-none-eabi/7.3.1/thumb/v6-m\libgcc.a(ledf2.o)
 .ARM.attributes
                0x000000000000066f       0x1e c:/st/stm32cubeide_1.4.0/stm32cubeide/plugins/com.st.stm32cube.ide.mcu.externaltools.gnu-tools-for-stm32.7-2018-q2-update.win32_1.5.0.202011040924/tools/bin/../lib/gcc/arm-none-eabi/7.3.1/thumb/v6-m/crtn.o
OUTPUT(bluetoothMaster2.elf elf32-littlearm)

.debug_info     0x0000000000000000     0xf07e
 .debug_info    0x0000000000000000      0xb0d Core/Src/calibration.o
 .debug_info    0x0000000000000b0d      0x3c3 Core/Src/direction.o
 .debug_info    0x0000000000000ed0     0x153f Core/Src/main.o
 .debug_info    0x000000000000240f      0x425 Core/Src/speed.o
 .debug_info    0x0000000000002834      0xc51 Core/Src/speedConstantsSettings.o
 .debug_info    0x0000000000003485     0x11c0 Core/Src/stm32f0xx_hal_msp.o
 .debug_info    0x0000000000004645     0x160c Core/Src/stm32f0xx_it.o
 .debug_info    0x0000000000005c51      0x29e Core/Src/system_stm32f0xx.o
 .debug_info    0x0000000000005eef      0x8ab Core/Src/transmission.o
 .debug_info    0x000000000000679a       0x22 Core/Startup/startup_stm32f051r8tx.o
 .debug_info    0x00000000000067bc      0x6a8 Drivers/STM32F0xx_HAL_Driver/Src/stm32f0xx_hal.o
 .debug_info    0x0000000000006e64      0xc9f Drivers/STM32F0xx_HAL_Driver/Src/stm32f0xx_hal_adc.o
 .debug_info    0x0000000000007b03      0x77a Drivers/STM32F0xx_HAL_Driver/Src/stm32f0xx_hal_cortex.o
 .debug_info    0x000000000000827d      0x79f Drivers/STM32F0xx_HAL_Driver/Src/stm32f0xx_hal_dma.o
 .debug_info    0x0000000000008a1c      0x682 Drivers/STM32F0xx_HAL_Driver/Src/stm32f0xx_hal_gpio.o
 .debug_info    0x000000000000909e      0x821 Drivers/STM32F0xx_HAL_Driver/Src/stm32f0xx_hal_rcc.o
 .debug_info    0x00000000000098bf      0x3d8 Drivers/STM32F0xx_HAL_Driver/Src/stm32f0xx_hal_rcc_ex.o
 .debug_info    0x0000000000009c97     0x2522 Drivers/STM32F0xx_HAL_Driver/Src/stm32f0xx_hal_tim.o
 .debug_info    0x000000000000c1b9     0x10e6 Drivers/STM32F0xx_HAL_Driver/Src/stm32f0xx_hal_tim_ex.o
 .debug_info    0x000000000000d29f     0x156d Drivers/STM32F0xx_HAL_Driver/Src/stm32f0xx_hal_uart.o
 .debug_info    0x000000000000e80c      0x872 Drivers/STM32F0xx_HAL_Driver/Src/stm32f0xx_hal_uart_ex.o

.debug_abbrev   0x0000000000000000     0x24e7
 .debug_abbrev  0x0000000000000000      0x17c Core/Src/calibration.o
 .debug_abbrev  0x000000000000017c       0xf5 Core/Src/direction.o
 .debug_abbrev  0x0000000000000271      0x240 Core/Src/main.o
 .debug_abbrev  0x00000000000004b1      0x143 Core/Src/speed.o
 .debug_abbrev  0x00000000000005f4      0x246 Core/Src/speedConstantsSettings.o
 .debug_abbrev  0x000000000000083a      0x1fa Core/Src/stm32f0xx_hal_msp.o
 .debug_abbrev  0x0000000000000a34      0x21b Core/Src/stm32f0xx_it.o
 .debug_abbrev  0x0000000000000c4f      0x12b Core/Src/system_stm32f0xx.o
 .debug_abbrev  0x0000000000000d7a      0x185 Core/Src/transmission.o
 .debug_abbrev  0x0000000000000eff       0x12 Core/Startup/startup_stm32f051r8tx.o
 .debug_abbrev  0x0000000000000f11      0x1f2 Drivers/STM32F0xx_HAL_Driver/Src/stm32f0xx_hal.o
 .debug_abbrev  0x0000000000001103      0x1cf Drivers/STM32F0xx_HAL_Driver/Src/stm32f0xx_hal_adc.o
 .debug_abbrev  0x00000000000012d2      0x273 Drivers/STM32F0xx_HAL_Driver/Src/stm32f0xx_hal_cortex.o
 .debug_abbrev  0x0000000000001545      0x1ed Drivers/STM32F0xx_HAL_Driver/Src/stm32f0xx_hal_dma.o
 .debug_abbrev  0x0000000000001732      0x1c0 Drivers/STM32F0xx_HAL_Driver/Src/stm32f0xx_hal_gpio.o
 .debug_abbrev  0x00000000000018f2      0x20f Drivers/STM32F0xx_HAL_Driver/Src/stm32f0xx_hal_rcc.o
 .debug_abbrev  0x0000000000001b01      0x175 Drivers/STM32F0xx_HAL_Driver/Src/stm32f0xx_hal_rcc_ex.o
 .debug_abbrev  0x0000000000001c76      0x23f Drivers/STM32F0xx_HAL_Driver/Src/stm32f0xx_hal_tim.o
 .debug_abbrev  0x0000000000001eb5      0x22d Drivers/STM32F0xx_HAL_Driver/Src/stm32f0xx_hal_tim_ex.o
 .debug_abbrev  0x00000000000020e2      0x214 Drivers/STM32F0xx_HAL_Driver/Src/stm32f0xx_hal_uart.o
 .debug_abbrev  0x00000000000022f6      0x1f1 Drivers/STM32F0xx_HAL_Driver/Src/stm32f0xx_hal_uart_ex.o

.debug_aranges  0x0000000000000000      0xdb8
 .debug_aranges
                0x0000000000000000       0x20 Core/Src/calibration.o
 .debug_aranges
                0x0000000000000020       0x20 Core/Src/direction.o
 .debug_aranges
                0x0000000000000040       0x60 Core/Src/main.o
 .debug_aranges
                0x00000000000000a0       0x28 Core/Src/speed.o
 .debug_aranges
                0x00000000000000c8       0x40 Core/Src/speedConstantsSettings.o
 .debug_aranges
                0x0000000000000108       0x50 Core/Src/stm32f0xx_hal_msp.o
 .debug_aranges
                0x0000000000000158       0x70 Core/Src/stm32f0xx_it.o
 .debug_aranges
                0x00000000000001c8       0x28 Core/Src/system_stm32f0xx.o
 .debug_aranges
                0x00000000000001f0       0x20 Core/Src/transmission.o
 .debug_aranges
                0x0000000000000210       0x28 Core/Startup/startup_stm32f051r8tx.o
 .debug_aranges
                0x0000000000000238       0xd0 Drivers/STM32F0xx_HAL_Driver/Src/stm32f0xx_hal.o
 .debug_aranges
                0x0000000000000308       0xf8 Drivers/STM32F0xx_HAL_Driver/Src/stm32f0xx_hal_adc.o
 .debug_aranges
                0x0000000000000400       0xc0 Drivers/STM32F0xx_HAL_Driver/Src/stm32f0xx_hal_cortex.o
 .debug_aranges
                0x00000000000004c0       0x88 Drivers/STM32F0xx_HAL_Driver/Src/stm32f0xx_hal_dma.o
 .debug_aranges
                0x0000000000000548       0x58 Drivers/STM32F0xx_HAL_Driver/Src/stm32f0xx_hal_gpio.o
 .debug_aranges
                0x00000000000005a0       0x80 Drivers/STM32F0xx_HAL_Driver/Src/stm32f0xx_hal_rcc.o
 .debug_aranges
                0x0000000000000620       0x30 Drivers/STM32F0xx_HAL_Driver/Src/stm32f0xx_hal_rcc_ex.o
 .debug_aranges
                0x0000000000000650      0x3b8 Drivers/STM32F0xx_HAL_Driver/Src/stm32f0xx_hal_tim.o
 .debug_aranges
                0x0000000000000a08      0x150 Drivers/STM32F0xx_HAL_Driver/Src/stm32f0xx_hal_tim_ex.o
 .debug_aranges
                0x0000000000000b58      0x210 Drivers/STM32F0xx_HAL_Driver/Src/stm32f0xx_hal_uart.o
 .debug_aranges
                0x0000000000000d68       0x50 Drivers/STM32F0xx_HAL_Driver/Src/stm32f0xx_hal_uart_ex.o

.debug_ranges   0x0000000000000000      0xc70
 .debug_ranges  0x0000000000000000       0x10 Core/Src/calibration.o
 .debug_ranges  0x0000000000000010       0x10 Core/Src/direction.o
 .debug_ranges  0x0000000000000020       0x50 Core/Src/main.o
 .debug_ranges  0x0000000000000070       0x18 Core/Src/speed.o
 .debug_ranges  0x0000000000000088       0x30 Core/Src/speedConstantsSettings.o
 .debug_ranges  0x00000000000000b8       0x40 Core/Src/stm32f0xx_hal_msp.o
 .debug_ranges  0x00000000000000f8       0x60 Core/Src/stm32f0xx_it.o
 .debug_ranges  0x0000000000000158       0x18 Core/Src/system_stm32f0xx.o
 .debug_ranges  0x0000000000000170       0x10 Core/Src/transmission.o
 .debug_ranges  0x0000000000000180       0x20 Core/Startup/startup_stm32f051r8tx.o
 .debug_ranges  0x00000000000001a0       0xc0 Drivers/STM32F0xx_HAL_Driver/Src/stm32f0xx_hal.o
 .debug_ranges  0x0000000000000260       0xe8 Drivers/STM32F0xx_HAL_Driver/Src/stm32f0xx_hal_adc.o
 .debug_ranges  0x0000000000000348       0xb0 Drivers/STM32F0xx_HAL_Driver/Src/stm32f0xx_hal_cortex.o
 .debug_ranges  0x00000000000003f8       0x78 Drivers/STM32F0xx_HAL_Driver/Src/stm32f0xx_hal_dma.o
 .debug_ranges  0x0000000000000470       0x48 Drivers/STM32F0xx_HAL_Driver/Src/stm32f0xx_hal_gpio.o
 .debug_ranges  0x00000000000004b8       0x70 Drivers/STM32F0xx_HAL_Driver/Src/stm32f0xx_hal_rcc.o
 .debug_ranges  0x0000000000000528       0x20 Drivers/STM32F0xx_HAL_Driver/Src/stm32f0xx_hal_rcc_ex.o
 .debug_ranges  0x0000000000000548      0x3a8 Drivers/STM32F0xx_HAL_Driver/Src/stm32f0xx_hal_tim.o
 .debug_ranges  0x00000000000008f0      0x140 Drivers/STM32F0xx_HAL_Driver/Src/stm32f0xx_hal_tim_ex.o
 .debug_ranges  0x0000000000000a30      0x200 Drivers/STM32F0xx_HAL_Driver/Src/stm32f0xx_hal_uart.o
 .debug_ranges  0x0000000000000c30       0x40 Drivers/STM32F0xx_HAL_Driver/Src/stm32f0xx_hal_uart_ex.o

.debug_macro    0x0000000000000000    0x10584
 .debug_macro   0x0000000000000000      0x1f4 Core/Src/calibration.o
 .debug_macro   0x00000000000001f4      0xa48 Core/Src/calibration.o
 .debug_macro   0x0000000000000c3c      0x139 Core/Src/calibration.o
 .debug_macro   0x0000000000000d75       0x2e Core/Src/calibration.o
 .debug_macro   0x0000000000000da3       0x22 Core/Src/calibration.o
 .debug_macro   0x0000000000000dc5       0x22 Core/Src/calibration.o
 .debug_macro   0x0000000000000de7       0x8e Core/Src/calibration.o
 .debug_macro   0x0000000000000e75       0x51 Core/Src/calibration.o
 .debug_macro   0x0000000000000ec6       0xef Core/Src/calibration.o
 .debug_macro   0x0000000000000fb5       0x6a Core/Src/calibration.o
 .debug_macro   0x000000000000101f      0x1df Core/Src/calibration.o
 .debug_macro   0x00000000000011fe       0x1c Core/Src/calibration.o
 .debug_macro   0x000000000000121a       0x22 Core/Src/calibration.o
 .debug_macro   0x000000000000123c       0xb5 Core/Src/calibration.o
 .debug_macro   0x00000000000012f1      0x391 Core/Src/calibration.o
 .debug_macro   0x0000000000001682     0x8cdd Core/Src/calibration.o
 .debug_macro   0x000000000000a35f       0x3c Core/Src/calibration.o
 .debug_macro   0x000000000000a39b      0x174 Core/Src/calibration.o
 .debug_macro   0x000000000000a50f       0x54 Core/Src/calibration.o
 .debug_macro   0x000000000000a563      0x924 Core/Src/calibration.o
 .debug_macro   0x000000000000ae87      0x251 Core/Src/calibration.o
 .debug_macro   0x000000000000b0d8      0x12f Core/Src/calibration.o
 .debug_macro   0x000000000000b207      0x114 Core/Src/calibration.o
 .debug_macro   0x000000000000b31b      0x1a0 Core/Src/calibration.o
 .debug_macro   0x000000000000b4bb      0x1ed Core/Src/calibration.o
 .debug_macro   0x000000000000b6a8       0x34 Core/Src/calibration.o
 .debug_macro   0x000000000000b6dc       0x43 Core/Src/calibration.o
 .debug_macro   0x000000000000b71f       0x28 Core/Src/calibration.o
 .debug_macro   0x000000000000b747      0x33d Core/Src/calibration.o
 .debug_macro   0x000000000000ba84       0xd4 Core/Src/calibration.o
 .debug_macro   0x000000000000bb58       0xb0 Core/Src/calibration.o
 .debug_macro   0x000000000000bc08      0x199 Core/Src/calibration.o
 .debug_macro   0x000000000000bda1      0x22c Core/Src/calibration.o
 .debug_macro   0x000000000000bfcd       0x60 Core/Src/calibration.o
 .debug_macro   0x000000000000c02d       0xa5 Core/Src/calibration.o
 .debug_macro   0x000000000000c0d2       0x4c Core/Src/calibration.o
 .debug_macro   0x000000000000c11e      0x112 Core/Src/calibration.o
 .debug_macro   0x000000000000c230      0x8ae Core/Src/calibration.o
 .debug_macro   0x000000000000cade       0x28 Core/Src/calibration.o
 .debug_macro   0x000000000000cb06      0x589 Core/Src/calibration.o
 .debug_macro   0x000000000000d08f       0x3e Core/Src/calibration.o
 .debug_macro   0x000000000000d0cd      0x114 Core/Src/calibration.o
 .debug_macro   0x000000000000d1e1       0x34 Core/Src/calibration.o
 .debug_macro   0x000000000000d215      0x204 Core/Src/direction.o
 .debug_macro   0x000000000000d419      0x1f8 Core/Src/main.o
 .debug_macro   0x000000000000d611      0x203 Core/Src/speed.o
 .debug_macro   0x000000000000d814       0x10 Core/Src/speed.o
 .debug_macro   0x000000000000d824      0x296 Core/Src/speedConstantsSettings.o
 .debug_macro   0x000000000000daba       0x40 Core/Src/speedConstantsSettings.o
 .debug_macro   0x000000000000dafa       0x18 Core/Src/speedConstantsSettings.o
 .debug_macro   0x000000000000db12       0x94 Core/Src/speedConstantsSettings.o
 .debug_macro   0x000000000000dba6       0x3c Core/Src/speedConstantsSettings.o
 .debug_macro   0x000000000000dbe2       0x34 Core/Src/speedConstantsSettings.o
 .debug_macro   0x000000000000dc16       0x57 Core/Src/speedConstantsSettings.o
 .debug_macro   0x000000000000dc6d       0x52 Core/Src/speedConstantsSettings.o
 .debug_macro   0x000000000000dcbf       0x1f Core/Src/speedConstantsSettings.o
 .debug_macro   0x000000000000dcde       0x43 Core/Src/speedConstantsSettings.o
 .debug_macro   0x000000000000dd21       0x20 Core/Src/speedConstantsSettings.o
 .debug_macro   0x000000000000dd41      0x1a3 Core/Src/speedConstantsSettings.o
 .debug_macro   0x000000000000dee4      0x330 Core/Src/speedConstantsSettings.o
 .debug_macro   0x000000000000e214      0x1e1 Core/Src/speedConstantsSettings.o
 .debug_macro   0x000000000000e3f5       0xaf Core/Src/speedConstantsSettings.o
 .debug_macro   0x000000000000e4a4       0x4e Core/Src/speedConstantsSettings.o
 .debug_macro   0x000000000000e4f2      0x1f4 Core/Src/stm32f0xx_hal_msp.o
 .debug_macro   0x000000000000e6e6      0x2c0 Core/Src/stm32f0xx_it.o
 .debug_macro   0x000000000000e9a6       0x10 Core/Src/stm32f0xx_it.o
 .debug_macro   0x000000000000e9b6       0x16 Core/Src/stm32f0xx_it.o
 .debug_macro   0x000000000000e9cc       0x46 Core/Src/stm32f0xx_it.o
 .debug_macro   0x000000000000ea12      0x32a Core/Src/stm32f0xx_it.o
 .debug_macro   0x000000000000ed3c      0x1cd Core/Src/system_stm32f0xx.o
 .debug_macro   0x000000000000ef09      0x1fc Core/Src/transmission.o
 .debug_macro   0x000000000000f105      0x1f1 Drivers/STM32F0xx_HAL_Driver/Src/stm32f0xx_hal.o
 .debug_macro   0x000000000000f2f6      0x1f1 Drivers/STM32F0xx_HAL_Driver/Src/stm32f0xx_hal_adc.o
 .debug_macro   0x000000000000f4e7      0x1cd Drivers/STM32F0xx_HAL_Driver/Src/stm32f0xx_hal_cortex.o
 .debug_macro   0x000000000000f6b4      0x1cd Drivers/STM32F0xx_HAL_Driver/Src/stm32f0xx_hal_dma.o
 .debug_macro   0x000000000000f881      0x205 Drivers/STM32F0xx_HAL_Driver/Src/stm32f0xx_hal_gpio.o
 .debug_macro   0x000000000000fa86      0x1df Drivers/STM32F0xx_HAL_Driver/Src/stm32f0xx_hal_rcc.o
 .debug_macro   0x000000000000fc65      0x1cd Drivers/STM32F0xx_HAL_Driver/Src/stm32f0xx_hal_rcc_ex.o
 .debug_macro   0x000000000000fe32      0x1ce Drivers/STM32F0xx_HAL_Driver/Src/stm32f0xx_hal_tim.o
 .debug_macro   0x0000000000010000      0x1cd Drivers/STM32F0xx_HAL_Driver/Src/stm32f0xx_hal_tim_ex.o
 .debug_macro   0x00000000000101cd      0x1ea Drivers/STM32F0xx_HAL_Driver/Src/stm32f0xx_hal_uart.o
 .debug_macro   0x00000000000103b7      0x1cd Drivers/STM32F0xx_HAL_Driver/Src/stm32f0xx_hal_uart_ex.o

.debug_line     0x0000000000000000     0xc68c
 .debug_line    0x0000000000000000      0x755 Core/Src/calibration.o
 .debug_line    0x0000000000000755      0x75a Core/Src/direction.o
 .debug_line    0x0000000000000eaf      0x800 Core/Src/main.o
 .debug_line    0x00000000000016af      0x744 Core/Src/speed.o
 .debug_line    0x0000000000001df3      0x8cd Core/Src/speedConstantsSettings.o
 .debug_line    0x00000000000026c0      0x7ab Core/Src/stm32f0xx_hal_msp.o
 .debug_line    0x0000000000002e6b      0x94b Core/Src/stm32f0xx_it.o
 .debug_line    0x00000000000037b6      0x6e7 Core/Src/system_stm32f0xx.o
 .debug_line    0x0000000000003e9d      0x6ed Core/Src/transmission.o
 .debug_line    0x000000000000458a       0x89 Core/Startup/startup_stm32f051r8tx.o
 .debug_line    0x0000000000004613      0x883 Drivers/STM32F0xx_HAL_Driver/Src/stm32f0xx_hal.o
 .debug_line    0x0000000000004e96      0xc60 Drivers/STM32F0xx_HAL_Driver/Src/stm32f0xx_hal_adc.o
 .debug_line    0x0000000000005af6      0x89b Drivers/STM32F0xx_HAL_Driver/Src/stm32f0xx_hal_cortex.o
 .debug_line    0x0000000000006391      0x8e1 Drivers/STM32F0xx_HAL_Driver/Src/stm32f0xx_hal_dma.o
 .debug_line    0x0000000000006c72      0x846 Drivers/STM32F0xx_HAL_Driver/Src/stm32f0xx_hal_gpio.o
 .debug_line    0x00000000000074b8      0x944 Drivers/STM32F0xx_HAL_Driver/Src/stm32f0xx_hal_rcc.o
 .debug_line    0x0000000000007dfc      0x7c2 Drivers/STM32F0xx_HAL_Driver/Src/stm32f0xx_hal_rcc_ex.o
 .debug_line    0x00000000000085be     0x1ab5 Drivers/STM32F0xx_HAL_Driver/Src/stm32f0xx_hal_tim.o
 .debug_line    0x000000000000a073      0xccf Drivers/STM32F0xx_HAL_Driver/Src/stm32f0xx_hal_tim_ex.o
 .debug_line    0x000000000000ad42     0x1184 Drivers/STM32F0xx_HAL_Driver/Src/stm32f0xx_hal_uart.o
 .debug_line    0x000000000000bec6      0x7c6 Drivers/STM32F0xx_HAL_Driver/Src/stm32f0xx_hal_uart_ex.o

.debug_str      0x0000000000000000    0x5ab52
 .debug_str     0x0000000000000000    0x53d9f Core/Src/calibration.o
                                      0x54024 (size before relaxing)
 .debug_str     0x0000000000053d9f       0x79 Core/Src/direction.o
                                      0x53ab3 (size before relaxing)
 .debug_str     0x0000000000053e18      0x6a3 Core/Src/main.o
                                      0x54739 (size before relaxing)
 .debug_str     0x00000000000544bb       0x67 Core/Src/speed.o
                                      0x53aab (size before relaxing)
 .debug_str     0x0000000000054522     0x3777 Core/Src/speedConstantsSettings.o
                                      0x5726f (size before relaxing)
 .debug_str     0x0000000000057c99       0xa8 Core/Src/stm32f0xx_hal_msp.o
                                      0x544bd (size before relaxing)
 .debug_str     0x0000000000057d41       0xbc Core/Src/stm32f0xx_it.o
                                      0x57a9a (size before relaxing)
 .debug_str     0x0000000000057dfd       0x5f Core/Src/system_stm32f0xx.o
                                      0x53830 (size before relaxing)
 .debug_str     0x0000000000057e5c       0x30 Core/Src/transmission.o
                                      0x53e4b (size before relaxing)
 .debug_str     0x0000000000057e8c       0x36 Core/Startup/startup_stm32f051r8tx.o
                                         0x84 (size before relaxing)
 .debug_str     0x0000000000057ec2      0x398 Drivers/STM32F0xx_HAL_Driver/Src/stm32f0xx_hal.o
                                      0x53d6a (size before relaxing)
 .debug_str     0x000000000005825a      0x37f Drivers/STM32F0xx_HAL_Driver/Src/stm32f0xx_hal_adc.o
                                      0x53f30 (size before relaxing)
 .debug_str     0x00000000000585d9      0x1f8 Drivers/STM32F0xx_HAL_Driver/Src/stm32f0xx_hal_cortex.o
                                      0x53c22 (size before relaxing)
 .debug_str     0x00000000000587d1      0x248 Drivers/STM32F0xx_HAL_Driver/Src/stm32f0xx_hal_dma.o
                                      0x53c08 (size before relaxing)
 .debug_str     0x0000000000058a19      0x208 Drivers/STM32F0xx_HAL_Driver/Src/stm32f0xx_hal_gpio.o
                                      0x53acc (size before relaxing)
 .debug_str     0x0000000000058c21      0x254 Drivers/STM32F0xx_HAL_Driver/Src/stm32f0xx_hal_rcc.o
                                      0x53c3a (size before relaxing)
 .debug_str     0x0000000000058e75       0xb1 Drivers/STM32F0xx_HAL_Driver/Src/stm32f0xx_hal_rcc_ex.o
                                      0x5397e (size before relaxing)
 .debug_str     0x0000000000058f26      0xdb5 Drivers/STM32F0xx_HAL_Driver/Src/stm32f0xx_hal_tim.o
                                      0x54a29 (size before relaxing)
 .debug_str     0x0000000000059cdb      0x52f Drivers/STM32F0xx_HAL_Driver/Src/stm32f0xx_hal_tim_ex.o
                                      0x541dd (size before relaxing)
 .debug_str     0x000000000005a20a      0x7e8 Drivers/STM32F0xx_HAL_Driver/Src/stm32f0xx_hal_uart.o
                                      0x54445 (size before relaxing)
 .debug_str     0x000000000005a9f2      0x160 Drivers/STM32F0xx_HAL_Driver/Src/stm32f0xx_hal_uart_ex.o
                                      0x53d24 (size before relaxing)

.comment        0x0000000000000000       0x7b
 .comment       0x0000000000000000       0x7b Core/Src/calibration.o
                                         0x7c (size before relaxing)
 .comment       0x000000000000007b       0x7c Core/Src/direction.o
 .comment       0x000000000000007b       0x7c Core/Src/main.o
 .comment       0x000000000000007b       0x7c Core/Src/speed.o
 .comment       0x000000000000007b       0x7c Core/Src/speedConstantsSettings.o
 .comment       0x000000000000007b       0x7c Core/Src/stm32f0xx_hal_msp.o
 .comment       0x000000000000007b       0x7c Core/Src/stm32f0xx_it.o
 .comment       0x000000000000007b       0x7c Core/Src/system_stm32f0xx.o
 .comment       0x000000000000007b       0x7c Core/Src/transmission.o
 .comment       0x000000000000007b       0x7c Drivers/STM32F0xx_HAL_Driver/Src/stm32f0xx_hal.o
 .comment       0x000000000000007b       0x7c Drivers/STM32F0xx_HAL_Driver/Src/stm32f0xx_hal_adc.o
 .comment       0x000000000000007b       0x7c Drivers/STM32F0xx_HAL_Driver/Src/stm32f0xx_hal_cortex.o
 .comment       0x000000000000007b       0x7c Drivers/STM32F0xx_HAL_Driver/Src/stm32f0xx_hal_dma.o
 .comment       0x000000000000007b       0x7c Drivers/STM32F0xx_HAL_Driver/Src/stm32f0xx_hal_gpio.o
 .comment       0x000000000000007b       0x7c Drivers/STM32F0xx_HAL_Driver/Src/stm32f0xx_hal_rcc.o
 .comment       0x000000000000007b       0x7c Drivers/STM32F0xx_HAL_Driver/Src/stm32f0xx_hal_rcc_ex.o
 .comment       0x000000000000007b       0x7c Drivers/STM32F0xx_HAL_Driver/Src/stm32f0xx_hal_tim.o
 .comment       0x000000000000007b       0x7c Drivers/STM32F0xx_HAL_Driver/Src/stm32f0xx_hal_tim_ex.o
 .comment       0x000000000000007b       0x7c Drivers/STM32F0xx_HAL_Driver/Src/stm32f0xx_hal_uart.o
 .comment       0x000000000000007b       0x7c Drivers/STM32F0xx_HAL_Driver/Src/stm32f0xx_hal_uart_ex.o

.debug_frame    0x0000000000000000     0x3170
 .debug_frame   0x0000000000000000       0x34 Core/Src/calibration.o
 .debug_frame   0x0000000000000034       0x30 Core/Src/direction.o
 .debug_frame   0x0000000000000064      0x124 Core/Src/main.o
 .debug_frame   0x0000000000000188       0x50 Core/Src/speed.o
 .debug_frame   0x00000000000001d8       0xa8 Core/Src/speedConstantsSettings.o
 .debug_frame   0x0000000000000280       0xf0 Core/Src/stm32f0xx_hal_msp.o
 .debug_frame   0x0000000000000370      0x15c Core/Src/stm32f0xx_it.o
 .debug_frame   0x00000000000004cc       0x4c Core/Src/system_stm32f0xx.o
 .debug_frame   0x0000000000000518       0x34 Core/Src/transmission.o
 .debug_frame   0x000000000000054c      0x2a4 Drivers/STM32F0xx_HAL_Driver/Src/stm32f0xx_hal.o
 .debug_frame   0x00000000000007f0      0x3a0 Drivers/STM32F0xx_HAL_Driver/Src/stm32f0xx_hal_adc.o
 .debug_frame   0x0000000000000b90      0x2a0 Drivers/STM32F0xx_HAL_Driver/Src/stm32f0xx_hal_cortex.o
 .debug_frame   0x0000000000000e30      0x1d0 Drivers/STM32F0xx_HAL_Driver/Src/stm32f0xx_hal_dma.o
 .debug_frame   0x0000000000001000      0x110 Drivers/STM32F0xx_HAL_Driver/Src/stm32f0xx_hal_gpio.o
 .debug_frame   0x0000000000001110      0x198 Drivers/STM32F0xx_HAL_Driver/Src/stm32f0xx_hal_rcc.o
 .debug_frame   0x00000000000012a8       0x70 Drivers/STM32F0xx_HAL_Driver/Src/stm32f0xx_hal_rcc_ex.o
 .debug_frame   0x0000000000001318      0xe90 Drivers/STM32F0xx_HAL_Driver/Src/stm32f0xx_hal_tim.o
 .debug_frame   0x00000000000021a8      0x4f0 Drivers/STM32F0xx_HAL_Driver/Src/stm32f0xx_hal_tim_ex.o
 .debug_frame   0x0000000000002698      0x7f0 Drivers/STM32F0xx_HAL_Driver/Src/stm32f0xx_hal_uart.o
 .debug_frame   0x0000000000002e88       0xf0 Drivers/STM32F0xx_HAL_Driver/Src/stm32f0xx_hal_uart_ex.o
 .debug_frame   0x0000000000002f78       0x2c c:/st/stm32cubeide_1.4.0/stm32cubeide/plugins/com.st.stm32cube.ide.mcu.externaltools.gnu-tools-for-stm32.7-2018-q2-update.win32_1.5.0.202011040924/tools/bin/../lib/gcc/arm-none-eabi/7.3.1/../../../../arm-none-eabi/lib/thumb/v6-m\libc_nano.a(lib_a-init.o)
 .debug_frame   0x0000000000002fa4       0x28 c:/st/stm32cubeide_1.4.0/stm32cubeide/plugins/com.st.stm32cube.ide.mcu.externaltools.gnu-tools-for-stm32.7-2018-q2-update.win32_1.5.0.202011040924/tools/bin/../lib/gcc/arm-none-eabi/7.3.1/../../../../arm-none-eabi/lib/thumb/v6-m\libc_nano.a(lib_a-memcpy-stub.o)
 .debug_frame   0x0000000000002fcc       0x20 c:/st/stm32cubeide_1.4.0/stm32cubeide/plugins/com.st.stm32cube.ide.mcu.externaltools.gnu-tools-for-stm32.7-2018-q2-update.win32_1.5.0.202011040924/tools/bin/../lib/gcc/arm-none-eabi/7.3.1/../../../../arm-none-eabi/lib/thumb/v6-m\libc_nano.a(lib_a-memset.o)
 .debug_frame   0x0000000000002fec       0x20 c:/st/stm32cubeide_1.4.0/stm32cubeide/plugins/com.st.stm32cube.ide.mcu.externaltools.gnu-tools-for-stm32.7-2018-q2-update.win32_1.5.0.202011040924/tools/bin/../lib/gcc/arm-none-eabi/7.3.1/thumb/v6-m\libgcc.a(_udivsi3.o)
 .debug_frame   0x000000000000300c       0x2c c:/st/stm32cubeide_1.4.0/stm32cubeide/plugins/com.st.stm32cube.ide.mcu.externaltools.gnu-tools-for-stm32.7-2018-q2-update.win32_1.5.0.202011040924/tools/bin/../lib/gcc/arm-none-eabi/7.3.1/thumb/v6-m\libgcc.a(_fixunsdfsi.o)
 .debug_frame   0x0000000000003038       0x3c c:/st/stm32cubeide_1.4.0/stm32cubeide/plugins/com.st.stm32cube.ide.mcu.externaltools.gnu-tools-for-stm32.7-2018-q2-update.win32_1.5.0.202011040924/tools/bin/../lib/gcc/arm-none-eabi/7.3.1/thumb/v6-m\libgcc.a(subdf3.o)
 .debug_frame   0x0000000000003074       0x2c c:/st/stm32cubeide_1.4.0/stm32cubeide/plugins/com.st.stm32cube.ide.mcu.externaltools.gnu-tools-for-stm32.7-2018-q2-update.win32_1.5.0.202011040924/tools/bin/../lib/gcc/arm-none-eabi/7.3.1/thumb/v6-m\libgcc.a(fixdfsi.o)
 .debug_frame   0x00000000000030a0       0x28 c:/st/stm32cubeide_1.4.0/stm32cubeide/plugins/com.st.stm32cube.ide.mcu.externaltools.gnu-tools-for-stm32.7-2018-q2-update.win32_1.5.0.202011040924/tools/bin/../lib/gcc/arm-none-eabi/7.3.1/thumb/v6-m\libgcc.a(floatunsidf.o)
 .debug_frame   0x00000000000030c8       0x38 c:/st/stm32cubeide_1.4.0/stm32cubeide/plugins/com.st.stm32cube.ide.mcu.externaltools.gnu-tools-for-stm32.7-2018-q2-update.win32_1.5.0.202011040924/tools/bin/../lib/gcc/arm-none-eabi/7.3.1/thumb/v6-m\libgcc.a(eqdf2.o)
 .debug_frame   0x0000000000003100       0x38 c:/st/stm32cubeide_1.4.0/stm32cubeide/plugins/com.st.stm32cube.ide.mcu.externaltools.gnu-tools-for-stm32.7-2018-q2-update.win32_1.5.0.202011040924/tools/bin/../lib/gcc/arm-none-eabi/7.3.1/thumb/v6-m\libgcc.a(gedf2.o)
 .debug_frame   0x0000000000003138       0x38 c:/st/stm32cubeide_1.4.0/stm32cubeide/plugins/com.st.stm32cube.ide.mcu.externaltools.gnu-tools-for-stm32.7-2018-q2-update.win32_1.5.0.202011040924/tools/bin/../lib/gcc/arm-none-eabi/7.3.1/thumb/v6-m\libgcc.a(ledf2.o)
