stm32f0xx_it.c:82:6:NMI_Handler	8	static
stm32f0xx_it.c:95:6:HardFault_Handler	8	static
stm32f0xx_it.c:110:6:SVC_Handler	8	static
stm32f0xx_it.c:123:6:PendSV_Handler	8	static
stm32f0xx_it.c:136:6:SysTick_Handler	8	static
stm32f0xx_it.c:157:6:EXTI0_1_IRQHandler	8	static
stm32f0xx_it.c:178:6:DMA1_Channel1_IRQHandler	8	static
stm32f0xx_it.c:192:6:ADC1_COMP_IRQHandler	8	static
stm32f0xx_it.c:206:6:TIM3_IRQHandler	8	static
stm32f0xx_it.c:266:6:TIM15_IRQHandler	136	static
stm32f0xx_it.c:289:6:USART1_IRQHandler	144	static
