Archive member included to satisfy reference by file (symbol)

c:/st/stm32cubeide_1.4.0/stm32cubeide/plugins/com.st.stm32cube.ide.mcu.externaltools.gnu-tools-for-stm32.7-2018-q2-update.win32_1.4.0.202007081208/tools/bin/../lib/gcc/arm-none-eabi/7.3.1/../../../../arm-none-eabi/lib/thumb/v6-m\libc_nano.a(lib_a-errno.o)
                              Core/Src/syscalls.o (__errno)
c:/st/stm32cubeide_1.4.0/stm32cubeide/plugins/com.st.stm32cube.ide.mcu.externaltools.gnu-tools-for-stm32.7-2018-q2-update.win32_1.4.0.202007081208/tools/bin/../lib/gcc/arm-none-eabi/7.3.1/../../../../arm-none-eabi/lib/thumb/v6-m\libc_nano.a(lib_a-exit.o)
                              c:/st/stm32cubeide_1.4.0/stm32cubeide/plugins/com.st.stm32cube.ide.mcu.externaltools.gnu-tools-for-stm32.7-2018-q2-update.win32_1.4.0.202007081208/tools/bin/../lib/gcc/arm-none-eabi/7.3.1/../../../../arm-none-eabi/lib/thumb/v6-m/crt0.o (exit)
c:/st/stm32cubeide_1.4.0/stm32cubeide/plugins/com.st.stm32cube.ide.mcu.externaltools.gnu-tools-for-stm32.7-2018-q2-update.win32_1.4.0.202007081208/tools/bin/../lib/gcc/arm-none-eabi/7.3.1/../../../../arm-none-eabi/lib/thumb/v6-m\libc_nano.a(lib_a-impure.o)
                              c:/st/stm32cubeide_1.4.0/stm32cubeide/plugins/com.st.stm32cube.ide.mcu.externaltools.gnu-tools-for-stm32.7-2018-q2-update.win32_1.4.0.202007081208/tools/bin/../lib/gcc/arm-none-eabi/7.3.1/../../../../arm-none-eabi/lib/thumb/v6-m\libc_nano.a(lib_a-exit.o) (_global_impure_ptr)
c:/st/stm32cubeide_1.4.0/stm32cubeide/plugins/com.st.stm32cube.ide.mcu.externaltools.gnu-tools-for-stm32.7-2018-q2-update.win32_1.4.0.202007081208/tools/bin/../lib/gcc/arm-none-eabi/7.3.1/../../../../arm-none-eabi/lib/thumb/v6-m\libc_nano.a(lib_a-init.o)
                              c:/st/stm32cubeide_1.4.0/stm32cubeide/plugins/com.st.stm32cube.ide.mcu.externaltools.gnu-tools-for-stm32.7-2018-q2-update.win32_1.4.0.202007081208/tools/bin/../lib/gcc/arm-none-eabi/7.3.1/../../../../arm-none-eabi/lib/thumb/v6-m/crt0.o (__libc_init_array)
c:/st/stm32cubeide_1.4.0/stm32cubeide/plugins/com.st.stm32cube.ide.mcu.externaltools.gnu-tools-for-stm32.7-2018-q2-update.win32_1.4.0.202007081208/tools/bin/../lib/gcc/arm-none-eabi/7.3.1/../../../../arm-none-eabi/lib/thumb/v6-m\libc_nano.a(lib_a-memcpy-stub.o)
                              Core/Src/stm32f0xx_it.o (memcpy)
c:/st/stm32cubeide_1.4.0/stm32cubeide/plugins/com.st.stm32cube.ide.mcu.externaltools.gnu-tools-for-stm32.7-2018-q2-update.win32_1.4.0.202007081208/tools/bin/../lib/gcc/arm-none-eabi/7.3.1/../../../../arm-none-eabi/lib/thumb/v6-m\libc_nano.a(lib_a-memset.o)
                              c:/st/stm32cubeide_1.4.0/stm32cubeide/plugins/com.st.stm32cube.ide.mcu.externaltools.gnu-tools-for-stm32.7-2018-q2-update.win32_1.4.0.202007081208/tools/bin/../lib/gcc/arm-none-eabi/7.3.1/../../../../arm-none-eabi/lib/thumb/v6-m/crt0.o (memset)
c:/st/stm32cubeide_1.4.0/stm32cubeide/plugins/com.st.stm32cube.ide.mcu.externaltools.gnu-tools-for-stm32.7-2018-q2-update.win32_1.4.0.202007081208/tools/bin/../lib/gcc/arm-none-eabi/7.3.1/thumb/v6-m\libgcc.a(_udivsi3.o)
                              Core/Src/speedConstantsSettings.o (__aeabi_uidiv)
c:/st/stm32cubeide_1.4.0/stm32cubeide/plugins/com.st.stm32cube.ide.mcu.externaltools.gnu-tools-for-stm32.7-2018-q2-update.win32_1.4.0.202007081208/tools/bin/../lib/gcc/arm-none-eabi/7.3.1/thumb/v6-m\libgcc.a(_dvmd_tls.o)
                              c:/st/stm32cubeide_1.4.0/stm32cubeide/plugins/com.st.stm32cube.ide.mcu.externaltools.gnu-tools-for-stm32.7-2018-q2-update.win32_1.4.0.202007081208/tools/bin/../lib/gcc/arm-none-eabi/7.3.1/thumb/v6-m\libgcc.a(_udivsi3.o) (__aeabi_idiv0)
c:/st/stm32cubeide_1.4.0/stm32cubeide/plugins/com.st.stm32cube.ide.mcu.externaltools.gnu-tools-for-stm32.7-2018-q2-update.win32_1.4.0.202007081208/tools/bin/../lib/gcc/arm-none-eabi/7.3.1/thumb/v6-m\libgcc.a(_fixunsdfsi.o)
                              Core/Src/speedConstantsSettings.o (__aeabi_d2uiz)
c:/st/stm32cubeide_1.4.0/stm32cubeide/plugins/com.st.stm32cube.ide.mcu.externaltools.gnu-tools-for-stm32.7-2018-q2-update.win32_1.4.0.202007081208/tools/bin/../lib/gcc/arm-none-eabi/7.3.1/thumb/v6-m\libgcc.a(subdf3.o)
                              c:/st/stm32cubeide_1.4.0/stm32cubeide/plugins/com.st.stm32cube.ide.mcu.externaltools.gnu-tools-for-stm32.7-2018-q2-update.win32_1.4.0.202007081208/tools/bin/../lib/gcc/arm-none-eabi/7.3.1/thumb/v6-m\libgcc.a(_fixunsdfsi.o) (__aeabi_dsub)
c:/st/stm32cubeide_1.4.0/stm32cubeide/plugins/com.st.stm32cube.ide.mcu.externaltools.gnu-tools-for-stm32.7-2018-q2-update.win32_1.4.0.202007081208/tools/bin/../lib/gcc/arm-none-eabi/7.3.1/thumb/v6-m\libgcc.a(fixdfsi.o)
                              Core/Src/speedConstantsSettings.o (__aeabi_d2iz)
c:/st/stm32cubeide_1.4.0/stm32cubeide/plugins/com.st.stm32cube.ide.mcu.externaltools.gnu-tools-for-stm32.7-2018-q2-update.win32_1.4.0.202007081208/tools/bin/../lib/gcc/arm-none-eabi/7.3.1/thumb/v6-m\libgcc.a(floatunsidf.o)
[...]
Memory Configuration

Name             Origin             Length             Attributes
RAM              0x0000000020000000 0x0000000000002000 xrw
FLASH            0x0000000008000000 0x0000000000010000 xr
*default*        0x0000000000000000 0xffffffffffffffff

Linker script and memory map

LOAD c:/st/stm32cubeide_1.4.0/stm32cubeide/plugins/com.st.stm32cube.ide.mcu.externaltools.gnu-tools-for-stm32.7-2018-q2-update.win32_1.4.0.202007081208/tools/bin/../lib/gcc/arm-none-eabi/7.3.1/thumb/v6-m/crti.o
LOAD c:/st/stm32cubeide_1.4.0/stm32cubeide/plugins/com.st.stm32cube.ide.mcu.externaltools.gnu-tools-for-stm32.7-2018-q2-update.win32_1.4.0.202007081208/tools/bin/../lib/gcc/arm-none-eabi/7.3.1/thumb/v6-m/crtbegin.o
LOAD c:/st/stm32cubeide_1.4.0/stm32cubeide/plugins/com.st.stm32cube.ide.mcu.externaltools.gnu-tools-for-stm32.7-2018-q2-update.win32_1.4.0.202007081208/tools/bin/../lib/gcc/arm-none-eabi/7.3.1/../../../../arm-none-eabi/lib/thumb/v6-m/crt0.o
LOAD Core/Src/direction.o
LOAD Core/Src/main.o
LOAD Core/Src/speed.o
LOAD Core/Src/speedConstantsSettings.o
LOAD Core/Src/stm32f0xx_hal_msp.o
LOAD Core/Src/stm32f0xx_it.o
LOAD Core/Src/syscalls.o
LOAD Core/Src/sysmem.o
LOAD Core/Src/system_stm32f0xx.o
LOAD Core/Src/transmission.o
LOAD Core/Startup/startup_stm32f051r8tx.o
LOAD Drivers/STM32F0xx_HAL_Driver/Src/stm32f0xx_hal.o
LOAD Drivers/STM32F0xx_HAL_Driver/Src/stm32f0xx_hal_adc.o
LOAD Drivers/STM32F0xx_HAL_Driver/Src/stm32f0xx_hal_adc_ex.o
LOAD Drivers/STM32F0xx_HAL_Driver/Src/stm32f0xx_hal_cortex.o
LOAD Drivers/STM32F0xx_HAL_Driver/Src/stm32f0xx_hal_dma.o
LOAD Drivers/STM32F0xx_HAL_Driver/Src/stm32f0xx_hal_exti.o
LOAD Drivers/STM32F0xx_HAL_Driver/Src/stm32f0xx_hal_flash.o
LOAD Drivers/STM32F0xx_HAL_Driver/Src/stm32f0xx_hal_flash_ex.o
LOAD Drivers/STM32F0xx_HAL_Driver/Src/stm32f0xx_hal_gpio.o
LOAD Drivers/STM32F0xx_HAL_Driver/Src/stm32f0xx_hal_i2c.o
LOAD Drivers/STM32F0xx_HAL_Driver/Src/stm32f0xx_hal_i2c_ex.o
LOAD Drivers/STM32F0xx_HAL_Driver/Src/stm32f0xx_hal_pwr.o
LOAD Drivers/STM32F0xx_HAL_Driver/Src/stm32f0xx_hal_pwr_ex.o
LOAD Drivers/STM32F0xx_HAL_Driver/Src/stm32f0xx_hal_rcc.o
LOAD Drivers/STM32F0xx_HAL_Driver/Src/stm32f0xx_hal_rcc_ex.o
LOAD Drivers/STM32F0xx_HAL_Driver/Src/stm32f0xx_hal_tim.o
LOAD Drivers/STM32F0xx_HAL_Driver/Src/stm32f0xx_hal_tim_ex.o
LOAD Drivers/STM32F0xx_HAL_Driver/Src/stm32f0xx_hal_uart.o
LOAD Drivers/STM32F0xx_HAL_Driver/Src/stm32f0xx_hal_uart_ex.o
START GROUP
LOAD c:/st/stm32cubeide_1.4.0/stm32cubeide/plugins/com.st.stm32cube.ide.mcu.externaltools.gnu-tools-for-stm32.7-2018-q2-update.win32_1.4.0.202007081208/tools/bin/../lib/gcc/arm-none-eabi/7.3.1/../../../../arm-none-eabi/lib/thumb/v6-m\libc_nano.a
LOAD c:/st/stm32cubeide_1.4.0/stm32cubeide/plugins/com.st.stm32cube.ide.mcu.externaltools.gnu-tools-for-stm32.7-2018-q2-update.win32_1.4.0.202007081208/tools/bin/../lib/gcc/arm-none-eabi/7.3.1/../../../../arm-none-eabi/lib/thumb/v6-m\libm.a
END GROUP
START GROUP
LOAD c:/st/stm32cubeide_1.4.0/stm32cubeide/plugins/com.st.stm32cube.ide.mcu.externaltools.gnu-tools-for-stm32.7-2018-q2-update.win32_1.4.0.202007081208/tools/bin/../lib/gcc/arm-none-eabi/7.3.1/thumb/v6-m\libgcc.a
LOAD c:/st/stm32cubeide_1.4.0/stm32cubeide/plugins/com.st.stm32cube.ide.mcu.externaltools.gnu-tools-for-stm32.7-2018-q2-update.win32_1.4.0.202007081208/tools/bin/../lib/gcc/arm-none-eabi/7.3.1/../../../../arm-none-eabi/lib/thumb/v6-m\libc_nano.a
END GROUP
START GROUP
LOAD c:/st/stm32cubeide_1.4.0/stm32cubeide/plugins/com.st.stm32cube.ide.mcu.externaltools.gnu-tools-for-stm32.7-2018-q2-update.win32_1.4.0.202007081208/tools/bin/../lib/gcc/arm-none-eabi/7.3.1/thumb/v6-m\libgcc.a
LOAD c:/st/stm32cubeide_1.4.0/stm32cubeide/plugins/com.st.stm32cube.ide.mcu.externaltools.gnu-tools-for-stm32.7-2018-q2-update.win32_1.4.0.202007081208/tools/bin/../lib/gcc/arm-none-eabi/7.3.1/../../../../arm-none-eabi/lib/thumb/v6-m\libc_nano.a
LOAD c:/st/stm32cubeide_1.4.0/stm32cubeide/plugins/com.st.stm32cube.ide.mcu.externaltools.gnu-tools-for-stm32.7-2018-q2-update.win32_1.4.0.202007081208/tools/bin/../lib/gcc/arm-none-eabi/7.3.1/../../../../arm-none-eabi/lib/thumb/v6-m\libnosys.a
END GROUP
START GROUP
LOAD c:/st/stm32cubeide_1.4.0/stm32cubeide/plugins/com.st.stm32cube.ide.mcu.externaltools.gnu-tools-for-stm32.7-2018-q2-update.win32_1.4.0.202007081208/tools/bin/../lib/gcc/arm-none-eabi/7.3.1/thumb/v6-m\libgcc.a
LOAD c:/st/stm32cubeide_1.4.0/stm32cubeide/plugins/com.st.stm32cube.ide.mcu.externaltools.gnu-tools-for-stm32.7-2018-q2-update.win32_1.4.0.202007081208/tools/bin/../lib/gcc/arm-none-eabi/7.3.1/../../../../arm-none-eabi/lib/thumb/v6-m\libc_nano.a
LOAD c:/st/stm32cubeide_1.4.0/stm32cubeide/plugins/com.st.stm32cube.ide.mcu.externaltools.gnu-tools-for-stm32.7-2018-q2-update.win32_1.4.0.202007081208/tools/bin/../lib/gcc/arm-none-eabi/7.3.1/../../../../arm-none-eabi/lib/thumb/v6-m\libnosys.a
END GROUP
LOAD c:/st/stm32cubeide_1.4.0/stm32cubeide/plugins/com.st.stm32cube.ide.mcu.externaltools.gnu-tools-for-stm32.7-2018-q2-update.win32_1.4.0.202007081208/tools/bin/../lib/gcc/arm-none-eabi/7.3.1/thumb/v6-m/crtend.o
LOAD c:/st/stm32cubeide_1.4.0/stm32cubeide/plugins/com.st.stm32cube.ide.mcu.externaltools.gnu-tools-for-stm32.7-2018-q2-update.win32_1.4.0.202007081208/tools/bin/../lib/gcc/arm-none-eabi/7.3.1/thumb/v6-m/crtn.o
                0x0000000020002000                _estack = (ORIGIN (RAM) + LENGTH (RAM))
                0x0000000000000200                _Min_Heap_Size = 0x200
                0x0000000000000400                _Min_Stack_Size = 0x400

.isr_vector     0x0000000008000000       0xc0
                0x0000000008000000                . = ALIGN (0x4)
 *(.isr_vector)
 .isr_vector    0x0000000008000000       0xc0 Core/Startup/startup_stm32f051r8tx.o
                0x0000000008000000                g_pfnVectors
                0x00000000080000c0                . = ALIGN (0x4)

.text           0x00000000080000c0     0x4a6c
                0x00000000080000c0                . = ALIGN (0x4)
 *(.text)
 .text          0x00000000080000c0       0x48 c:/st/stm32cubeide_1.4.0/stm32cubeide/plugins/com.st.stm32cube.ide.mcu.externaltools.gnu-tools-for-stm32.7-2018-q2-update.win32_1.4.0.202007081208/tools/bin/../lib/gcc/arm-none-eabi/7.3.1/thumb/v6-m/crtbegin.o
 .text          0x0000000008000108      0x114 c:/st/stm32cubeide_1.4.0/stm32cubeide/plugins/com.st.stm32cube.ide.mcu.externaltools.gnu-tools-for-stm32.7-2018-q2-update.win32_1.4.0.202007081208/tools/bin/../lib/gcc/arm-none-eabi/7.3.1/thumb/v6-m\libgcc.a(_udivsi3.o)
                0x0000000008000108                __aeabi_uidiv
                0x0000000008000108                __udivsi3
                0x0000000008000214                __aeabi_uidivmod
 .text          0x000000000800021c        0x4 c:/st/stm32cubeide_1.4.0/stm32cubeide/plugins/com.st.stm32cube.ide.mcu.externaltools.gnu-tools-for-stm32.7-2018-q2-update.win32_1.4.0.202007081208/tools/bin/../lib/gcc/arm-none-eabi/7.3.1/thumb/v6-m\libgcc.a(_dvmd_tls.o)
                0x000000000800021c                __aeabi_idiv0
                0x000000000800021c                __aeabi_ldiv0
 .text          0x0000000008000220       0x3c c:/st/stm32cubeide_1.4.0/stm32cubeide/plugins/com.st.stm32cube.ide.mcu.externaltools.gnu-tools-for-stm32.7-2018-q2-update.win32_1.4.0.202007081208/tools/bin/../lib/gcc/arm-none-eabi/7.3.1/thumb/v6-m\libgcc.a(_fixunsdfsi.o)
                0x0000000008000220                __aeabi_d2uiz
                0x0000000008000220                __fixunsdfsi
 .text          0x000000000800025c      0x690 c:/st/stm32cubeide_1.4.0/stm32cubeide/plugins/com.st.stm32cube.ide.mcu.externaltools.gnu-tools-for-stm32.7-2018-q2-update.win32_1.4.0.202007081208/tools/bin/../lib/gcc/arm-none-eabi/7.3.1/thumb/v6-m\libgcc.a(subdf3.o)
                0x000000000800025c                __aeabi_dsub
 .text          0x00000000080008ec       0x6c c:/st/stm32cubeide_1.4.0/stm32cubeide/plugins/com.st.stm32cube.ide.mcu.externaltools.gnu-tools-for-stm32.7-2018-q2-update.win32_1.4.0.202007081208/tools/bin/../lib/gcc/arm-none-eabi/7.3.1/thumb/v6-m\libgcc.a(fixdfsi.o)
                0x00000000080008ec                __aeabi_d2iz
 .text          0x0000000008000958       0x64 c:/st/stm32cubeide_1.4.0/stm32cubeide/plugins/com.st.stm32cube.ide.mcu.externaltools.gnu-tools-for-stm32.7-2018-q2-update.win32_1.4.0.202007081208/tools/bin/../lib/gcc/arm-none-eabi/7.3.1/thumb/v6-m\libgcc.a(floatunsidf.o)
                0x0000000008000958                __aeabi_ui2d
 .text          0x00000000080009bc       0x7c c:/st/stm32cubeide_1.4.0/stm32cubeide/plugins/com.st.stm32cube.ide.mcu.externaltools.gnu-tools-for-stm32.7-2018-q2-update.win32_1.4.0.202007081208/tools/bin/../lib/gcc/arm-none-eabi/7.3.1/thumb/v6-m\libgcc.a(_arm_cmpdf2.o)
                0x00000000080009bc                __aeabi_cdrcmple
                0x00000000080009cc                __aeabi_cdcmple
                0x00000000080009cc                __aeabi_cdcmpeq
                0x00000000080009dc                __aeabi_dcmpeq
                0x00000000080009e8                __aeabi_dcmplt
                0x00000000080009fc                __aeabi_dcmple
                0x0000000008000a10                __aeabi_dcmpgt
                0x0000000008000a24                __aeabi_dcmpge
 .text          0x0000000008000a38       0x3c c:/st/stm32cubeide_1.4.0/stm32cubeide/plugins/com.st.stm32cube.ide.mcu.externaltools.gnu-tools-for-stm32.7-2018-q2-update.win32_1.4.0.202007081208/tools/bin/../lib/gcc/arm-none-eabi/7.3.1/thumb/v6-m\libgcc.a(_clzsi2.o)
                0x0000000008000a38                __clzsi2
 .text          0x0000000008000a74       0x78 c:/st/stm32cubeide_1.4.0/stm32cubeide/plugins/com.st.stm32cube.ide.mcu.externaltools.gnu-tools-for-stm32.7-2018-q2-update.win32_1.4.0.202007081208/tools/bin/../lib/gcc/arm-none-eabi/7.3.1/thumb/v6-m\libgcc.a(eqdf2.o)
                0x0000000008000a74                __nedf2
                0x0000000008000a74                __eqdf2
 .text          0x0000000008000aec       0xc8 c:/st/stm32cubeide_1.4.0/stm32cubeide/plugins/com.st.stm32cube.ide.mcu.externaltools.gnu-tools-for-stm32.7-2018-q2-update.win32_1.4.0.202007081208/tools/bin/../lib/gcc/arm-none-eabi/7.3.1/thumb/v6-m\libgcc.a(gedf2.o)
                0x0000000008000aec                __gedf2
                0x0000000008000aec                __gtdf2
 .text          0x0000000008000bb4       0xd0 c:/st/stm32cubeide_1.4.0/stm32cubeide/plugins/com.st.stm32cube.ide.mcu.externaltools.gnu-tools-for-stm32.7-2018-q2-update.win32_1.4.0.202007081208/tools/bin/../lib/gcc/arm-none-eabi/7.3.1/thumb/v6-m\libgcc.a(ledf2.o)
                0x0000000008000bb4                __ledf2
                0x0000000008000bb4                __ltdf2
 *(.text*)
 .text.controlScheme
                0x0000000008000c84       0xb8 Core/Src/direction.o
                0x0000000008000c84                controlScheme
 .text.main     0x0000000008000d3c       0x30 Core/Src/main.o
                0x0000000008000d3c                main
 .text.SystemClock_Config
                0x0000000008000d6c       0xce Core/Src/main.o
                0x0000000008000d6c                SystemClock_Config
 *fill*         0x0000000008000e3a        0x2 
 .text.MX_ADC_Init
                0x0000000008000e3c      0x120 Core/Src/main.o
 .text.MX_TIM3_Init
                0x0000000008000f5c       0xac Core/Src/main.o
 .text.MX_USART1_UART_Init
                0x0000000008001008       0x60 Core/Src/main.o
 .text.MX_DMA_Init
                0x0000000008001068       0x3c Core/Src/main.o
 .text.MX_GPIO_Init
                0x00000000080010a4       0xb8 Core/Src/main.o
 .text.Error_Handler
                0x000000000800115c        0xa Core/Src/main.o
                0x000000000800115c                Error_Handler
 .text.conditional
                0x0000000008001166       0x78 Core/Src/speed.o
                0x0000000008001166                conditional
 *fill*         0x00000000080011de        0x2 
 .text.speedcalc
                0x00000000080011e0       0x88 Core/Src/speed.o
                0x00000000080011e0                speedcalc
 .text.Tavgcalc
                0x0000000008001268       0x2e Core/Src/speedConstantsSettings.o
                0x0000000008001268                Tavgcalc
 .text.kcalc    0x0000000008001296       0x36 Core/Src/speedConstantsSettings.o
                0x0000000008001296                kcalc
 .text.fourTavg
                0x00000000080012cc       0x94 Core/Src/speedConstantsSettings.o
                0x00000000080012cc                fourTavg
 .text.fourk    0x0000000008001360       0x90 Core/Src/speedConstantsSettings.o
                0x0000000008001360                fourk
 .text.pressureArrayInit
                0x00000000080013f0       0xf8 Core/Src/speedConstantsSettings.o
                0x00000000080013f0                pressureArrayInit
 .text.HAL_MspInit
                0x00000000080014e8       0x48 Core/Src/stm32f0xx_hal_msp.o
                0x00000000080014e8                HAL_MspInit
 .text.HAL_ADC_MspInit
                0x0000000008001530       0xf4 Core/Src/stm32f0xx_hal_msp.o
                0x0000000008001530                HAL_ADC_MspInit
 .text.HAL_TIM_Base_MspInit
                0x0000000008001624       0xa4 Core/Src/stm32f0xx_hal_msp.o
                0x0000000008001624                HAL_TIM_Base_MspInit
 .text.HAL_UART_MspInit
                0x00000000080016c8       0xac Core/Src/stm32f0xx_hal_msp.o
                0x00000000080016c8                HAL_UART_MspInit
 .text.NMI_Handler
                0x0000000008001774        0xa Core/Src/stm32f0xx_it.o
                0x0000000008001774                NMI_Handler
 .text.HardFault_Handler
                0x000000000800177e        0x6 Core/Src/stm32f0xx_it.o
                0x000000000800177e                HardFault_Handler
 .text.SVC_Handler
                0x0000000008001784        0xa Core/Src/stm32f0xx_it.o
                0x0000000008001784                SVC_Handler
 .text.PendSV_Handler
                0x000000000800178e        0xa Core/Src/stm32f0xx_it.o
                0x000000000800178e                PendSV_Handler
 .text.SysTick_Handler
                0x0000000008001798        0xe Core/Src/stm32f0xx_it.o
                0x0000000008001798                SysTick_Handler
 *fill*         0x00000000080017a6        0x2 
 .text.DMA1_Channel1_IRQHandler
                0x00000000080017a8       0x18 Core/Src/stm32f0xx_it.o
                0x00000000080017a8                DMA1_Channel1_IRQHandler
 .text.ADC1_COMP_IRQHandler
                0x00000000080017c0       0x18 Core/Src/stm32f0xx_it.o
                0x00000000080017c0                ADC1_COMP_IRQHandler
 .text.TIM3_IRQHandler
                0x00000000080017d8      0x16c Core/Src/stm32f0xx_it.o
                0x00000000080017d8                TIM3_IRQHandler
 .text.USART1_IRQHandler
                0x0000000008001944       0x58 Core/Src/stm32f0xx_it.o
                0x0000000008001944                USART1_IRQHandler
 .text.SystemInit
                0x000000000800199c        0xa Core/Src/system_stm32f0xx.o
                0x000000000800199c                SystemInit
 *fill*         0x00000000080019a6        0x2 
 .text.transmission_handler
                0x00000000080019a8       0x84 Core/Src/transmission.o
                0x00000000080019a8                transmission_handler
 .text.Reset_Handler
                0x0000000008001a2c       0x50 Core/Startup/startup_stm32f051r8tx.o
                0x0000000008001a2c                Reset_Handler
 .text.Default_Handler
                0x0000000008001a7c        0x2 Core/Startup/startup_stm32f051r8tx.o
                0x0000000008001a7c                TIM1_CC_IRQHandler
                0x0000000008001a7c                TSC_IRQHandler
                0x0000000008001a7c                PVD_IRQHandler
                0x0000000008001a7c                I2C1_IRQHandler
                0x0000000008001a7c                RCC_CRS_IRQHandler
                0x0000000008001a7c                SPI1_IRQHandler
                0x0000000008001a7c                TIM6_DAC_IRQHandler
                0x0000000008001a7c                EXTI2_3_IRQHandler
                0x0000000008001a7c                I2C2_IRQHandler
                0x0000000008001a7c                TIM17_IRQHandler
                0x0000000008001a7c                CEC_CAN_IRQHandler
                0x0000000008001a7c                RTC_IRQHandler
                0x0000000008001a7c                TIM16_IRQHandler
                0x0000000008001a7c                EXTI4_15_IRQHandler
                0x0000000008001a7c                Default_Handler
                0x0000000008001a7c                TIM14_IRQHandler
                0x0000000008001a7c                DMA1_Channel4_5_IRQHandler
                0x0000000008001a7c                TIM15_IRQHandler
                0x0000000008001a7c                EXTI0_1_IRQHandler
                0x0000000008001a7c                SPI2_IRQHandler
                0x0000000008001a7c                WWDG_IRQHandler
                0x0000000008001a7c                TIM2_IRQHandler
                0x0000000008001a7c                DMA1_Channel2_3_IRQHandler
                0x0000000008001a7c                USART2_IRQHandler
                0x0000000008001a7c                FLASH_IRQHandler
                0x0000000008001a7c                TIM1_BRK_UP_TRG_COM_IRQHandler
 *fill*         0x0000000008001a7e        0x2 
 .text.HAL_Init
                0x0000000008001a80       0x28 Drivers/STM32F0xx_HAL_Driver/Src/stm32f0xx_hal.o
                0x0000000008001a80                HAL_Init
 .text.HAL_InitTick
                0x0000000008001aa8       0x68 Drivers/STM32F0xx_HAL_Driver/Src/stm32f0xx_hal.o
                0x0000000008001aa8                HAL_InitTick
 .text.HAL_IncTick
                0x0000000008001b10       0x24 Drivers/STM32F0xx_HAL_Driver/Src/stm32f0xx_hal.o
                0x0000000008001b10                HAL_IncTick
 .text.HAL_GetTick
                0x0000000008001b34       0x14 Drivers/STM32F0xx_HAL_Driver/Src/stm32f0xx_hal.o
                0x0000000008001b34                HAL_GetTick
 .text.HAL_ADC_Init
                0x0000000008001b48      0x280 Drivers/STM32F0xx_HAL_Driver/Src/stm32f0xx_hal_adc.o
                0x0000000008001b48                HAL_ADC_Init
 .text.HAL_ADC_Start_DMA
                0x0000000008001dc8      0x104 Drivers/STM32F0xx_HAL_Driver/Src/stm32f0xx_hal_adc.o
                0x0000000008001dc8                HAL_ADC_Start_DMA
 .text.HAL_ADC_IRQHandler
                0x0000000008001ecc      0x170 Drivers/STM32F0xx_HAL_Driver/Src/stm32f0xx_hal_adc.o
                0x0000000008001ecc                HAL_ADC_IRQHandler
 .text.HAL_ADC_ConvCpltCallback
                0x000000000800203c       0x10 Drivers/STM32F0xx_HAL_Driver/Src/stm32f0xx_hal_adc.o
                0x000000000800203c                HAL_ADC_ConvCpltCallback
 .text.HAL_ADC_ConvHalfCpltCallback
                0x000000000800204c       0x10 Drivers/STM32F0xx_HAL_Driver/Src/stm32f0xx_hal_adc.o
                0x000000000800204c                HAL_ADC_ConvHalfCpltCallback
 .text.HAL_ADC_LevelOutOfWindowCallback
                0x000000000800205c       0x10 Drivers/STM32F0xx_HAL_Driver/Src/stm32f0xx_hal_adc.o
                0x000000000800205c                HAL_ADC_LevelOutOfWindowCallback
 .text.HAL_ADC_ErrorCallback
                0x000000000800206c       0x10 Drivers/STM32F0xx_HAL_Driver/Src/stm32f0xx_hal_adc.o
                0x000000000800206c                HAL_ADC_ErrorCallback
 .text.HAL_ADC_ConfigChannel
                0x000000000800207c      0x21c Drivers/STM32F0xx_HAL_Driver/Src/stm32f0xx_hal_adc.o
                0x000000000800207c                HAL_ADC_ConfigChannel
 .text.ADC_Enable
                0x0000000008002298       0xf8 Drivers/STM32F0xx_HAL_Driver/Src/stm32f0xx_hal_adc.o
 .text.ADC_DMAConvCplt
                0x0000000008002390       0xb4 Drivers/STM32F0xx_HAL_Driver/Src/stm32f0xx_hal_adc.o
 .text.ADC_DMAHalfConvCplt
                0x0000000008002444       0x1e Drivers/STM32F0xx_HAL_Driver/Src/stm32f0xx_hal_adc.o
 .text.ADC_DMAError
                0x0000000008002462       0x36 Drivers/STM32F0xx_HAL_Driver/Src/stm32f0xx_hal_adc.o
 .text.__NVIC_EnableIRQ
                0x0000000008002498       0x34 Drivers/STM32F0xx_HAL_Driver/Src/stm32f0xx_hal_cortex.o
 .text.__NVIC_SetPriority
                0x00000000080024cc       0xdc Drivers/STM32F0xx_HAL_Driver/Src/stm32f0xx_hal_cortex.o
 .text.SysTick_Config
                0x00000000080025a8       0x48 Drivers/STM32F0xx_HAL_Driver/Src/stm32f0xx_hal_cortex.o
 .text.HAL_NVIC_SetPriority
                0x00000000080025f0       0x2a Drivers/STM32F0xx_HAL_Driver/Src/stm32f0xx_hal_cortex.o
                0x00000000080025f0                HAL_NVIC_SetPriority
 .text.HAL_NVIC_EnableIRQ
                0x000000000800261a       0x20 Drivers/STM32F0xx_HAL_Driver/Src/stm32f0xx_hal_cortex.o
                0x000000000800261a                HAL_NVIC_EnableIRQ
 .text.HAL_SYSTICK_Config
                0x000000000800263a       0x1a Drivers/STM32F0xx_HAL_Driver/Src/stm32f0xx_hal_cortex.o
                0x000000000800263a                HAL_SYSTICK_Config
 .text.HAL_DMA_Init
                0x0000000008002654       0x90 Drivers/STM32F0xx_HAL_Driver/Src/stm32f0xx_hal_dma.o
                0x0000000008002654                HAL_DMA_Init
 .text.HAL_DMA_Start_IT
                0x00000000080026e4       0xcc Drivers/STM32F0xx_HAL_Driver/Src/stm32f0xx_hal_dma.o
                0x00000000080026e4                HAL_DMA_Start_IT
 .text.HAL_DMA_Abort_IT
                0x00000000080027b0       0x8c Drivers/STM32F0xx_HAL_Driver/Src/stm32f0xx_hal_dma.o
                0x00000000080027b0                HAL_DMA_Abort_IT
 .text.HAL_DMA_IRQHandler
                0x000000000800283c      0x144 Drivers/STM32F0xx_HAL_Driver/Src/stm32f0xx_hal_dma.o
                0x000000000800283c                HAL_DMA_IRQHandler
 .text.DMA_SetConfig
                0x0000000008002980       0x58 Drivers/STM32F0xx_HAL_Driver/Src/stm32f0xx_hal_dma.o
 .text.DMA_CalcBaseAndBitshift
                0x00000000080029d8       0x38 Drivers/STM32F0xx_HAL_Driver/Src/stm32f0xx_hal_dma.o
 .text.HAL_GPIO_Init
                0x0000000008002a10      0x2e0 Drivers/STM32F0xx_HAL_Driver/Src/stm32f0xx_hal_gpio.o
                0x0000000008002a10                HAL_GPIO_Init
 .text.HAL_GPIO_WritePin
                0x0000000008002cf0       0x3a Drivers/STM32F0xx_HAL_Driver/Src/stm32f0xx_hal_gpio.o
                0x0000000008002cf0                HAL_GPIO_WritePin
 *fill*         0x0000000008002d2a        0x2 
 .text.HAL_RCC_OscConfig
                0x0000000008002d2c      0x638 Drivers/STM32F0xx_HAL_Driver/Src/stm32f0xx_hal_rcc.o
                0x0000000008002d2c                HAL_RCC_OscConfig
 .text.HAL_RCC_ClockConfig
                0x0000000008003364      0x19c Drivers/STM32F0xx_HAL_Driver/Src/stm32f0xx_hal_rcc.o
                0x0000000008003364                HAL_RCC_ClockConfig
 .text.HAL_RCC_GetSysClockFreq
                0x0000000008003500       0xc8 Drivers/STM32F0xx_HAL_Driver/Src/stm32f0xx_hal_rcc.o
                0x0000000008003500                HAL_RCC_GetSysClockFreq
 .text.HAL_RCC_GetHCLKFreq
                0x00000000080035c8       0x14 Drivers/STM32F0xx_HAL_Driver/Src/stm32f0xx_hal_rcc.o
                0x00000000080035c8                HAL_RCC_GetHCLKFreq
 .text.HAL_RCC_GetPCLK1Freq
                0x00000000080035dc       0x2c Drivers/STM32F0xx_HAL_Driver/Src/stm32f0xx_hal_rcc.o
                0x00000000080035dc                HAL_RCC_GetPCLK1Freq
 .text.HAL_RCCEx_PeriphCLKConfig
                0x0000000008003608      0x1bc Drivers/STM32F0xx_HAL_Driver/Src/stm32f0xx_hal_rcc_ex.o
                0x0000000008003608                HAL_RCCEx_PeriphCLKConfig
 .text.HAL_TIM_Base_Init
                0x00000000080037c4       0x58 Drivers/STM32F0xx_HAL_Driver/Src/stm32f0xx_hal_tim.o
                0x00000000080037c4                HAL_TIM_Base_Init
 .text.HAL_TIM_Base_Start_IT
                0x000000000800381c       0x44 Drivers/STM32F0xx_HAL_Driver/Src/stm32f0xx_hal_tim.o
                0x000000000800381c                HAL_TIM_Base_Start_IT
 .text.HAL_TIM_IRQHandler
                0x0000000008003860      0x22c Drivers/STM32F0xx_HAL_Driver/Src/stm32f0xx_hal_tim.o
                0x0000000008003860                HAL_TIM_IRQHandler
 .text.HAL_TIM_ConfigClockSource
                0x0000000008003a8c      0x17c Drivers/STM32F0xx_HAL_Driver/Src/stm32f0xx_hal_tim.o
                0x0000000008003a8c                HAL_TIM_ConfigClockSource
 .text.HAL_TIM_PeriodElapsedCallback
                0x0000000008003c08       0x10 Drivers/STM32F0xx_HAL_Driver/Src/stm32f0xx_hal_tim.o
                0x0000000008003c08                HAL_TIM_PeriodElapsedCallback
 .text.HAL_TIM_OC_DelayElapsedCallback
                0x0000000008003c18       0x10 Drivers/STM32F0xx_HAL_Driver/Src/stm32f0xx_hal_tim.o
                0x0000000008003c18                HAL_TIM_OC_DelayElapsedCallback
 .text.HAL_TIM_IC_CaptureCallback
                0x0000000008003c28       0x10 Drivers/STM32F0xx_HAL_Driver/Src/stm32f0xx_hal_tim.o
                0x0000000008003c28                HAL_TIM_IC_CaptureCallback
 .text.HAL_TIM_PWM_PulseFinishedCallback
                0x0000000008003c38       0x10 Drivers/STM32F0xx_HAL_Driver/Src/stm32f0xx_hal_tim.o
                0x0000000008003c38                HAL_TIM_PWM_PulseFinishedCallback
 .text.HAL_TIM_TriggerCallback
                0x0000000008003c48       0x10 Drivers/STM32F0xx_HAL_Driver/Src/stm32f0xx_hal_tim.o
                0x0000000008003c48                HAL_TIM_TriggerCallback
 .text.TIM_Base_SetConfig
                0x0000000008003c58      0x100 Drivers/STM32F0xx_HAL_Driver/Src/stm32f0xx_hal_tim.o
                0x0000000008003c58                TIM_Base_SetConfig
 .text.TIM_TI1_ConfigInputStage
                0x0000000008003d58       0x5c Drivers/STM32F0xx_HAL_Driver/Src/stm32f0xx_hal_tim.o
 .text.TIM_TI2_ConfigInputStage
                0x0000000008003db4       0x64 Drivers/STM32F0xx_HAL_Driver/Src/stm32f0xx_hal_tim.o
 .text.TIM_ITRx_SetConfig
                0x0000000008003e18       0x32 Drivers/STM32F0xx_HAL_Driver/Src/stm32f0xx_hal_tim.o
 *fill*         0x0000000008003e4a        0x2 
 .text.TIM_ETR_SetConfig
                0x0000000008003e4c       0x40 Drivers/STM32F0xx_HAL_Driver/Src/stm32f0xx_hal_tim.o
                0x0000000008003e4c                TIM_ETR_SetConfig
 .text.HAL_TIMEx_MasterConfigSynchronization
                0x0000000008003e8c       0xbc Drivers/STM32F0xx_HAL_Driver/Src/stm32f0xx_hal_tim_ex.o
                0x0000000008003e8c                HAL_TIMEx_MasterConfigSynchronization
 .text.HAL_TIMEx_CommutCallback
                0x0000000008003f48       0x10 Drivers/STM32F0xx_HAL_Driver/Src/stm32f0xx_hal_tim_ex.o
                0x0000000008003f48                HAL_TIMEx_CommutCallback
 .text.HAL_TIMEx_BreakCallback
                0x0000000008003f58       0x10 Drivers/STM32F0xx_HAL_Driver/Src/stm32f0xx_hal_tim_ex.o
                0x0000000008003f58                HAL_TIMEx_BreakCallback
 .text.HAL_UART_Init
                0x0000000008003f68       0xa8 Drivers/STM32F0xx_HAL_Driver/Src/stm32f0xx_hal_uart.o
                0x0000000008003f68                HAL_UART_Init
 .text.HAL_UART_Transmit
                0x0000000008004010      0x150 Drivers/STM32F0xx_HAL_Driver/Src/stm32f0xx_hal_uart.o
                0x0000000008004010                HAL_UART_Transmit
 .text.HAL_UART_IRQHandler
                0x0000000008004160      0x278 Drivers/STM32F0xx_HAL_Driver/Src/stm32f0xx_hal_uart.o
                0x0000000008004160                HAL_UART_IRQHandler
 .text.HAL_UART_TxCpltCallback
                0x00000000080043d8       0x10 Drivers/STM32F0xx_HAL_Driver/Src/stm32f0xx_hal_uart.o
                0x00000000080043d8                HAL_UART_TxCpltCallback
 .text.HAL_UART_ErrorCallback
                0x00000000080043e8       0x10 Drivers/STM32F0xx_HAL_Driver/Src/stm32f0xx_hal_uart.o
                0x00000000080043e8                HAL_UART_ErrorCallback
 .text.UART_SetConfig
                0x00000000080043f8      0x30c Drivers/STM32F0xx_HAL_Driver/Src/stm32f0xx_hal_uart.o
                0x00000000080043f8                UART_SetConfig
 .text.UART_AdvFeatureConfig
                0x0000000008004704      0x168 Drivers/STM32F0xx_HAL_Driver/Src/stm32f0xx_hal_uart.o
                0x0000000008004704                UART_AdvFeatureConfig
 .text.UART_CheckIdleState
                0x000000000800486c       0x8c Drivers/STM32F0xx_HAL_Driver/Src/stm32f0xx_hal_uart.o
                0x000000000800486c                UART_CheckIdleState
 .text.UART_WaitOnFlagUntilTimeout
                0x00000000080048f8       0xfc Drivers/STM32F0xx_HAL_Driver/Src/stm32f0xx_hal_uart.o
                0x00000000080048f8                UART_WaitOnFlagUntilTimeout
 .text.UART_EndRxTransfer
                0x00000000080049f4       0x40 Drivers/STM32F0xx_HAL_Driver/Src/stm32f0xx_hal_uart.o
 .text.UART_DMAAbortOnError
                0x0000000008004a34       0x2e Drivers/STM32F0xx_HAL_Driver/Src/stm32f0xx_hal_uart.o
 .text.UART_EndTransmit_IT
                0x0000000008004a62       0x34 Drivers/STM32F0xx_HAL_Driver/Src/stm32f0xx_hal_uart.o
 .text.HAL_UARTEx_WakeupCallback
                0x0000000008004a96       0x10 Drivers/STM32F0xx_HAL_Driver/Src/stm32f0xx_hal_uart_ex.o
                0x0000000008004a96                HAL_UARTEx_WakeupCallback
 *fill*         0x0000000008004aa6        0x2 
 .text.__libc_init_array
                0x0000000008004aa8       0x48 c:/st/stm32cubeide_1.4.0/stm32cubeide/plugins/com.st.stm32cube.ide.mcu.externaltools.gnu-tools-for-stm32.7-2018-q2-update.win32_1.4.0.202007081208/tools/bin/../lib/gcc/arm-none-eabi/7.3.1/../../../../arm-none-eabi/lib/thumb/v6-m\libc_nano.a(lib_a-init.o)
                0x0000000008004aa8                __libc_init_array
 .text.memcpy   0x0000000008004af0       0x12 c:/st/stm32cubeide_1.4.0/stm32cubeide/plugins/com.st.stm32cube.ide.mcu.externaltools.gnu-tools-for-stm32.7-2018-q2-update.win32_1.4.0.202007081208/tools/bin/../lib/gcc/arm-none-eabi/7.3.1/../../../../arm-none-eabi/lib/thumb/v6-m\libc_nano.a(lib_a-memcpy-stub.o)
                0x0000000008004af0                memcpy
 .text.memset   0x0000000008004b02       0x10 c:/st/stm32cubeide_1.4.0/stm32cubeide/plugins/com.st.stm32cube.ide.mcu.externaltools.gnu-tools-for-stm32.7-2018-q2-update.win32_1.4.0.202007081208/tools/bin/../lib/gcc/arm-none-eabi/7.3.1/../../../../arm-none-eabi/lib/thumb/v6-m\libc_nano.a(lib_a-memset.o)
                0x0000000008004b02                memset
 *(.glue_7)
 .glue_7        0x0000000008004b12        0x0 linker stubs
 *(.glue_7t)
 .glue_7t       0x0000000008004b12        0x0 linker stubs
 *(.eh_frame)
 *fill*         0x0000000008004b12        0x2 
 .eh_frame      0x0000000008004b14        0x0 c:/st/stm32cubeide_1.4.0/stm32cubeide/plugins/com.st.stm32cube.ide.mcu.externaltools.gnu-tools-for-stm32.7-2018-q2-update.win32_1.4.0.202007081208/tools/bin/../lib/gcc/arm-none-eabi/7.3.1/thumb/v6-m/crtbegin.o
 *(.init)
 .init          0x0000000008004b14        0x4 c:/st/stm32cubeide_1.4.0/stm32cubeide/plugins/com.st.stm32cube.ide.mcu.externaltools.gnu-tools-for-stm32.7-2018-q2-update.win32_1.4.0.202007081208/tools/bin/../lib/gcc/arm-none-eabi/7.3.1/thumb/v6-m/crti.o
                0x0000000008004b14                _init
 .init          0x0000000008004b18        0x8 c:/st/stm32cubeide_1.4.0/stm32cubeide/plugins/com.st.stm32cube.ide.mcu.externaltools.gnu-tools-for-stm32.7-2018-q2-update.win32_1.4.0.202007081208/tools/bin/../lib/gcc/arm-none-eabi/7.3.1/thumb/v6-m/crtn.o
 *(.fini)
 .fini          0x0000000008004b20        0x4 c:/st/stm32cubeide_1.4.0/stm32cubeide/plugins/com.st.stm32cube.ide.mcu.externaltools.gnu-tools-for-stm32.7-2018-q2-update.win32_1.4.0.202007081208/tools/bin/../lib/gcc/arm-none-eabi/7.3.1/thumb/v6-m/crti.o
                0x0000000008004b20                _fini
 .fini          0x0000000008004b24        0x8 c:/st/stm32cubeide_1.4.0/stm32cubeide/plugins/com.st.stm32cube.ide.mcu.externaltools.gnu-tools-for-stm32.7-2018-q2-update.win32_1.4.0.202007081208/tools/bin/../lib/gcc/arm-none-eabi/7.3.1/thumb/v6-m/crtn.o
                0x0000000008004b2c                . = ALIGN (0x4)
                0x0000000008004b2c                _etext = .

.vfp11_veneer   0x0000000008004b2c        0x0
 .vfp11_veneer  0x0000000008004b2c        0x0 linker stubs

.v4_bx          0x0000000008004b2c        0x0
 .v4_bx         0x0000000008004b2c        0x0 linker stubs

.iplt           0x0000000008004b2c        0x0
 .iplt          0x0000000008004b2c        0x0 c:/st/stm32cubeide_1.4.0/stm32cubeide/plugins/com.st.stm32cube.ide.mcu.externaltools.gnu-tools-for-stm32.7-2018-q2-update.win32_1.4.0.202007081208/tools/bin/../lib/gcc/arm-none-eabi/7.3.1/thumb/v6-m/crtbegin.o

.rodata         0x0000000008004b2c       0x38
                0x0000000008004b2c                . = ALIGN (0x4)
 *(.rodata)
 .rodata        0x0000000008004b2c       0x20 Drivers/STM32F0xx_HAL_Driver/Src/stm32f0xx_hal_rcc.o
 *(.rodata*)
 .rodata.AHBPrescTable
                0x0000000008004b4c       0x10 Core/Src/system_stm32f0xx.o
                0x0000000008004b4c                AHBPrescTable
 .rodata.APBPrescTable
                0x0000000008004b5c        0x8 Core/Src/system_stm32f0xx.o
                0x0000000008004b5c                APBPrescTable
                0x0000000008004b64                . = ALIGN (0x4)

.rel.dyn        0x0000000008004b64        0x0
 .rel.iplt      0x0000000008004b64        0x0 c:/st/stm32cubeide_1.4.0/stm32cubeide/plugins/com.st.stm32cube.ide.mcu.externaltools.gnu-tools-for-stm32.7-2018-q2-update.win32_1.4.0.202007081208/tools/bin/../lib/gcc/arm-none-eabi/7.3.1/thumb/v6-m/crtbegin.o

.ARM.extab      0x0000000008004b64        0x0
                0x0000000008004b64                . = ALIGN (0x4)
 *(.ARM.extab* .gnu.linkonce.armextab.*)
                0x0000000008004b64                . = ALIGN (0x4)

.ARM            0x0000000008004b64        0x0
                0x0000000008004b64                . = ALIGN (0x4)
                0x0000000008004b64                __exidx_start = .
 *(.ARM.exidx*)
                0x0000000008004b64                __exidx_end = .
                0x0000000008004b64                . = ALIGN (0x4)

.preinit_array  0x0000000008004b64        0x0
                0x0000000008004b64                . = ALIGN (0x4)
                0x0000000008004b64                PROVIDE (__preinit_array_start = .)
 *(.preinit_array*)
                0x0000000008004b64                PROVIDE (__preinit_array_end = .)
                0x0000000008004b64                . = ALIGN (0x4)

.init_array     0x0000000008004b64        0x4
                0x0000000008004b64                . = ALIGN (0x4)
                0x0000000008004b64                PROVIDE (__init_array_start = .)
 *(SORT_BY_NAME(.init_array.*))
 *(.init_array*)
 .init_array    0x0000000008004b64        0x4 c:/st/stm32cubeide_1.4.0/stm32cubeide/plugins/com.st.stm32cube.ide.mcu.externaltools.gnu-tools-for-stm32.7-2018-q2-update.win32_1.4.0.202007081208/tools/bin/../lib/gcc/arm-none-eabi/7.3.1/thumb/v6-m/crtbegin.o
                0x0000000008004b68                PROVIDE (__init_array_end = .)
                0x0000000008004b68                . = ALIGN (0x4)

.fini_array     0x0000000008004b68        0x4
                0x0000000008004b68                . = ALIGN (0x4)
                [!provide]                        PROVIDE (__fini_array_start = .)
 *(SORT_BY_NAME(.fini_array.*))
 *(.fini_array*)
 .fini_array    0x0000000008004b68        0x4 c:/st/stm32cubeide_1.4.0/stm32cubeide/plugins/com.st.stm32cube.ide.mcu.externaltools.gnu-tools-for-stm32.7-2018-q2-update.win32_1.4.0.202007081208/tools/bin/../lib/gcc/arm-none-eabi/7.3.1/thumb/v6-m/crtbegin.o
                [!provide]                        PROVIDE (__fini_array_end = .)
                0x0000000008004b6c                . = ALIGN (0x4)
                0x0000000008004b6c                _sidata = LOADADDR (.data)

.data           0x0000000020000000       0x10 load address 0x0000000008004b6c
                0x0000000020000000                . = ALIGN (0x4)
                0x0000000020000000                _sdata = .
 *(.data)
 *(.data*)
 .data.mode     0x0000000020000000        0x4 Core/Src/main.o
                0x0000000020000000                mode
 .data.SystemCoreClock
                0x0000000020000004        0x4 Core/Src/system_stm32f0xx.o
                0x0000000020000004                SystemCoreClock
 .data.uwTickPrio
                0x0000000020000008        0x4 Drivers/STM32F0xx_HAL_Driver/Src/stm32f0xx_hal.o
                0x0000000020000008                uwTickPrio
 .data.uwTickFreq
                0x000000002000000c        0x1 Drivers/STM32F0xx_HAL_Driver/Src/stm32f0xx_hal.o
                0x000000002000000c                uwTickFreq
                0x0000000020000010                . = ALIGN (0x4)
 *fill*         0x000000002000000d        0x3 
                0x0000000020000010                _edata = .

.igot.plt       0x0000000020000010        0x0 load address 0x0000000008004b7c
 .igot.plt      0x0000000020000010        0x0 c:/st/stm32cubeide_1.4.0/stm32cubeide/plugins/com.st.stm32cube.ide.mcu.externaltools.gnu-tools-for-stm32.7-2018-q2-update.win32_1.4.0.202007081208/tools/bin/../lib/gcc/arm-none-eabi/7.3.1/thumb/v6-m/crtbegin.o
                0x0000000020000010                . = ALIGN (0x4)

.bss            0x0000000020000010      0x398 load address 0x0000000008004b7c
                0x0000000020000010                _sbss = .
                0x0000000020000010                __bss_start__ = _sbss
 *(.bss)
 .bss           0x0000000020000010       0x1c c:/st/stm32cubeide_1.4.0/stm32cubeide/plugins/com.st.stm32cube.ide.mcu.externaltools.gnu-tools-for-stm32.7-2018-q2-update.win32_1.4.0.202007081208/tools/bin/../lib/gcc/arm-none-eabi/7.3.1/thumb/v6-m/crtbegin.o
 *(.bss*)
 *(COMMON)
 COMMON         0x000000002000002c      0x374 Core/Src/main.o
                0x000000002000002c                RawFSRInput
                0x0000000020000040                rightTmax
                0x0000000020000044                RawFSRAvg
                0x0000000020000048                frontTavg
                0x000000002000004c                leftTmax
                0x0000000020000050                reversek
                0x0000000020000054                frontk
                0x0000000020000058                pressureleft
                0x00000000200000cc                htim3
                0x000000002000010c                frontTr
                0x0000000020000110                direction
                0x0000000020000114                pressurereverse
                0x0000000020000188                huart1
                0x0000000020000208                pressureright
                0x000000002000027c                pressurefront
                0x00000000200002f0                frontTmax
                0x00000000200002f4                rightTavg
                0x00000000200002f8                reverseTr
                0x00000000200002fc                reverseTavg
                0x0000000020000300                leftk
                0x0000000020000304                leftTavg
                0x0000000020000308                rightk
                0x000000002000030c                speed
                0x0000000020000310                reverseTmax
                0x0000000020000314                hdma_adc
                0x0000000020000358                leftTr
                0x000000002000035c                hadc
                0x000000002000039c                rightTr
 COMMON         0x00000000200003a0        0x1 Core/Src/transmission.o
                0x00000000200003a0                txbuffer
 *fill*         0x00000000200003a1        0x3 
 COMMON         0x00000000200003a4        0x4 Drivers/STM32F0xx_HAL_Driver/Src/stm32f0xx_hal.o
                0x00000000200003a4                uwTick
                0x00000000200003a8                . = ALIGN (0x4)
                0x00000000200003a8                _ebss = .
                0x00000000200003a8                __bss_end__ = _ebss

._user_heap_stack
                0x00000000200003a8      0x600 load address 0x0000000008004b7c
                0x00000000200003a8                . = ALIGN (0x8)
                [!provide]                        PROVIDE (end = .)
                0x00000000200003a8                PROVIDE (_end = .)
                0x00000000200005a8                . = (. + _Min_Heap_Size)
 *fill*         0x00000000200003a8      0x200 
                0x00000000200009a8                . = (. + _Min_Stack_Size)
 *fill*         0x00000000200005a8      0x400 
                0x00000000200009a8                . = ALIGN (0x8)

/DISCARD/
 libc.a(*)
 libm.a(*)
 libgcc.a(*)

.ARM.attributes
                0x0000000000000000       0x28
 *(.ARM.attributes)
 .ARM.attributes
                0x0000000000000000       0x1e c:/st/stm32cubeide_1.4.0/stm32cubeide/plugins/com.st.stm32cube.ide.mcu.externaltools.gnu-tools-for-stm32.7-2018-q2-update.win32_1.4.0.202007081208/tools/bin/../lib/gcc/arm-none-eabi/7.3.1/thumb/v6-m/crti.o
 .ARM.attributes
                0x000000000000001e       0x2c c:/st/stm32cubeide_1.4.0/stm32cubeide/plugins/com.st.stm32cube.ide.mcu.externaltools.gnu-tools-for-stm32.7-2018-q2-update.win32_1.4.0.202007081208/tools/bin/../lib/gcc/arm-none-eabi/7.3.1/thumb/v6-m/crtbegin.o
 .ARM.attributes
                0x000000000000004a       0x31 Core/Src/direction.o
 .ARM.attributes
                0x000000000000007b       0x31 Core/Src/main.o
 .ARM.attributes
                0x00000000000000ac       0x31 Core/Src/speed.o
 .ARM.attributes
                0x00000000000000dd       0x31 Core/Src/speedConstantsSettings.o
 .ARM.attributes
                0x000000000000010e       0x31 Core/Src/stm32f0xx_hal_msp.o
 .ARM.attributes
                0x000000000000013f       0x31 Core/Src/stm32f0xx_it.o
 .ARM.attributes
                0x0000000000000170       0x31 Core/Src/system_stm32f0xx.o
 .ARM.attributes
                0x00000000000001a1       0x31 Core/Src/transmission.o
 .ARM.attributes
                0x00000000000001d2       0x21 Core/Startup/startup_stm32f051r8tx.o
 .ARM.attributes
                0x00000000000001f3       0x31 Drivers/STM32F0xx_HAL_Driver/Src/stm32f0xx_hal.o
 .ARM.attributes
                0x0000000000000224       0x31 Drivers/STM32F0xx_HAL_Driver/Src/stm32f0xx_hal_adc.o
 .ARM.attributes
                0x0000000000000255       0x31 Drivers/STM32F0xx_HAL_Driver/Src/stm32f0xx_hal_cortex.o
 .ARM.attributes
                0x0000000000000286       0x31 Drivers/STM32F0xx_HAL_Driver/Src/stm32f0xx_hal_dma.o
 .ARM.attributes
                0x00000000000002b7       0x31 Drivers/STM32F0xx_HAL_Driver/Src/stm32f0xx_hal_gpio.o
 .ARM.attributes
                0x00000000000002e8       0x31 Drivers/STM32F0xx_HAL_Driver/Src/stm32f0xx_hal_rcc.o
 .ARM.attributes
                0x0000000000000319       0x31 Drivers/STM32F0xx_HAL_Driver/Src/stm32f0xx_hal_rcc_ex.o
 .ARM.attributes
                0x000000000000034a       0x31 Drivers/STM32F0xx_HAL_Driver/Src/stm32f0xx_hal_tim.o
 .ARM.attributes
                0x000000000000037b       0x31 Drivers/STM32F0xx_HAL_Driver/Src/stm32f0xx_hal_tim_ex.o
 .ARM.attributes
                0x00000000000003ac       0x31 Drivers/STM32F0xx_HAL_Driver/Src/stm32f0xx_hal_uart.o
 .ARM.attributes
                0x00000000000003dd       0x31 Drivers/STM32F0xx_HAL_Driver/Src/stm32f0xx_hal_uart_ex.o
 .ARM.attributes
                0x000000000000040e       0x2c c:/st/stm32cubeide_1.4.0/stm32cubeide/plugins/com.st.stm32cube.ide.mcu.externaltools.gnu-tools-for-stm32.7-2018-q2-update.win32_1.4.0.202007081208/tools/bin/../lib/gcc/arm-none-eabi/7.3.1/../../../../arm-none-eabi/lib/thumb/v6-m\libc_nano.a(lib_a-init.o)
 .ARM.attributes
                0x000000000000043a       0x2c c:/st/stm32cubeide_1.4.0/stm32cubeide/plugins/com.st.stm32cube.ide.mcu.externaltools.gnu-tools-for-stm32.7-2018-q2-update.win32_1.4.0.202007081208/tools/bin/../lib/gcc/arm-none-eabi/7.3.1/../../../../arm-none-eabi/lib/thumb/v6-m\libc_nano.a(lib_a-memcpy-stub.o)
 .ARM.attributes
                0x0000000000000466       0x2c c:/st/stm32cubeide_1.4.0/stm32cubeide/plugins/com.st.stm32cube.ide.mcu.externaltools.gnu-tools-for-stm32.7-2018-q2-update.win32_1.4.0.202007081208/tools/bin/../lib/gcc/arm-none-eabi/7.3.1/../../../../arm-none-eabi/lib/thumb/v6-m\libc_nano.a(lib_a-memset.o)
 .ARM.attributes
                0x0000000000000492       0x1e c:/st/stm32cubeide_1.4.0/stm32cubeide/plugins/com.st.stm32cube.ide.mcu.externaltools.gnu-tools-for-stm32.7-2018-q2-update.win32_1.4.0.202007081208/tools/bin/../lib/gcc/arm-none-eabi/7.3.1/thumb/v6-m\libgcc.a(_udivsi3.o)
 .ARM.attributes
                0x00000000000004b0       0x1e c:/st/stm32cubeide_1.4.0/stm32cubeide/plugins/com.st.stm32cube.ide.mcu.externaltools.gnu-tools-for-stm32.7-2018-q2-update.win32_1.4.0.202007081208/tools/bin/../lib/gcc/arm-none-eabi/7.3.1/thumb/v6-m\libgcc.a(_dvmd_tls.o)
 .ARM.attributes
                0x00000000000004ce       0x2c c:/st/stm32cubeide_1.4.0/stm32cubeide/plugins/com.st.stm32cube.ide.mcu.externaltools.gnu-tools-for-stm32.7-2018-q2-update.win32_1.4.0.202007081208/tools/bin/../lib/gcc/arm-none-eabi/7.3.1/thumb/v6-m\libgcc.a(_fixunsdfsi.o)
 .ARM.attributes
                0x00000000000004fa       0x2c c:/st/stm32cubeide_1.4.0/stm32cubeide/plugins/com.st.stm32cube.ide.mcu.externaltools.gnu-tools-for-stm32.7-2018-q2-update.win32_1.4.0.202007081208/tools/bin/../lib/gcc/arm-none-eabi/7.3.1/thumb/v6-m\libgcc.a(subdf3.o)
 .ARM.attributes
                0x0000000000000526       0x2c c:/st/stm32cubeide_1.4.0/stm32cubeide/plugins/com.st.stm32cube.ide.mcu.externaltools.gnu-tools-for-stm32.7-2018-q2-update.win32_1.4.0.202007081208/tools/bin/../lib/gcc/arm-none-eabi/7.3.1/thumb/v6-m\libgcc.a(fixdfsi.o)
 .ARM.attributes
                0x0000000000000552       0x2c c:/st/stm32cubeide_1.4.0/stm32cubeide/plugins/com.st.stm32cube.ide.mcu.externaltools.gnu-tools-for-stm32.7-2018-q2-update.win32_1.4.0.202007081208/tools/bin/../lib/gcc/arm-none-eabi/7.3.1/thumb/v6-m\libgcc.a(floatunsidf.o)
 .ARM.attributes
                0x000000000000057e       0x1e c:/st/stm32cubeide_1.4.0/stm32cubeide/plugins/com.st.stm32cube.ide.mcu.externaltools.gnu-tools-for-stm32.7-2018-q2-update.win32_1.4.0.202007081208/tools/bin/../lib/gcc/arm-none-eabi/7.3.1/thumb/v6-m\libgcc.a(_arm_cmpdf2.o)
 .ARM.attributes
                0x000000000000059c       0x1e c:/st/stm32cubeide_1.4.0/stm32cubeide/plugins/com.st.stm32cube.ide.mcu.externaltools.gnu-tools-for-stm32.7-2018-q2-update.win32_1.4.0.202007081208/tools/bin/../lib/gcc/arm-none-eabi/7.3.1/thumb/v6-m\libgcc.a(_clzsi2.o)
 .ARM.attributes
                0x00000000000005ba       0x2c c:/st/stm32cubeide_1.4.0/stm32cubeide/plugins/com.st.stm32cube.ide.mcu.externaltools.gnu-tools-for-stm32.7-2018-q2-update.win32_1.4.0.202007081208/tools/bin/../lib/gcc/arm-none-eabi/7.3.1/thumb/v6-m\libgcc.a(eqdf2.o)
 .ARM.attributes
                0x00000000000005e6       0x2c c:/st/stm32cubeide_1.4.0/stm32cubeide/plugins/com.st.stm32cube.ide.mcu.externaltools.gnu-tools-for-stm32.7-2018-q2-update.win32_1.4.0.202007081208/tools/bin/../lib/gcc/arm-none-eabi/7.3.1/thumb/v6-m\libgcc.a(gedf2.o)
 .ARM.attributes
                0x0000000000000612       0x2c c:/st/stm32cubeide_1.4.0/stm32cubeide/plugins/com.st.stm32cube.ide.mcu.externaltools.gnu-tools-for-stm32.7-2018-q2-update.win32_1.4.0.202007081208/tools/bin/../lib/gcc/arm-none-eabi/7.3.1/thumb/v6-m\libgcc.a(ledf2.o)
 .ARM.attributes
                0x000000000000063e       0x1e c:/st/stm32cubeide_1.4.0/stm32cubeide/plugins/com.st.stm32cube.ide.mcu.externaltools.gnu-tools-for-stm32.7-2018-q2-update.win32_1.4.0.202007081208/tools/bin/../lib/gcc/arm-none-eabi/7.3.1/thumb/v6-m/crtn.o
OUTPUT(bluetoothMaster2.elf elf32-littlearm)

.debug_info     0x0000000000000000     0xd6a2
 .debug_info    0x0000000000000000      0x2f4 Core/Src/direction.o
 .debug_info    0x00000000000002f4     0x13ca Core/Src/main.o
 .debug_info    0x00000000000016be      0x356 Core/Src/speed.o
 .debug_info    0x0000000000001a14      0xb82 Core/Src/speedConstantsSettings.o
 .debug_info    0x0000000000002596     0x10b6 Core/Src/stm32f0xx_hal_msp.o
 .debug_info    0x000000000000364c      0xced Core/Src/stm32f0xx_it.o
 .debug_info    0x0000000000004339      0x29e Core/Src/system_stm32f0xx.o
 .debug_info    0x00000000000045d7      0x7e7 Core/Src/transmission.o
 .debug_info    0x0000000000004dbe       0x22 Core/Startup/startup_stm32f051r8tx.o
 .debug_info    0x0000000000004de0      0x6a8 Drivers/STM32F0xx_HAL_Driver/Src/stm32f0xx_hal.o
 .debug_info    0x0000000000005488      0xc9f Drivers/STM32F0xx_HAL_Driver/Src/stm32f0xx_hal_adc.o
 .debug_info    0x0000000000006127      0x77a Drivers/STM32F0xx_HAL_Driver/Src/stm32f0xx_hal_cortex.o
 .debug_info    0x00000000000068a1      0x79f Drivers/STM32F0xx_HAL_Driver/Src/stm32f0xx_hal_dma.o
 .debug_info    0x0000000000007040      0x682 Drivers/STM32F0xx_HAL_Driver/Src/stm32f0xx_hal_gpio.o
 .debug_info    0x00000000000076c2      0x821 Drivers/STM32F0xx_HAL_Driver/Src/stm32f0xx_hal_rcc.o
 .debug_info    0x0000000000007ee3      0x3d8 Drivers/STM32F0xx_HAL_Driver/Src/stm32f0xx_hal_rcc_ex.o
 .debug_info    0x00000000000082bb     0x2522 Drivers/STM32F0xx_HAL_Driver/Src/stm32f0xx_hal_tim.o
 .debug_info    0x000000000000a7dd     0x10e6 Drivers/STM32F0xx_HAL_Driver/Src/stm32f0xx_hal_tim_ex.o
 .debug_info    0x000000000000b8c3     0x156d Drivers/STM32F0xx_HAL_Driver/Src/stm32f0xx_hal_uart.o
 .debug_info    0x000000000000ce30      0x872 Drivers/STM32F0xx_HAL_Driver/Src/stm32f0xx_hal_uart_ex.o

.debug_abbrev   0x0000000000000000     0x2254
 .debug_abbrev  0x0000000000000000       0xd9 Core/Src/direction.o
 .debug_abbrev  0x00000000000000d9      0x224 Core/Src/main.o
 .debug_abbrev  0x00000000000002fd      0x127 Core/Src/speed.o
 .debug_abbrev  0x0000000000000424      0x22a Core/Src/speedConstantsSettings.o
 .debug_abbrev  0x000000000000064e      0x1de Core/Src/stm32f0xx_hal_msp.o
 .debug_abbrev  0x000000000000082c      0x1ac Core/Src/stm32f0xx_it.o
 .debug_abbrev  0x00000000000009d8      0x12b Core/Src/system_stm32f0xx.o
 .debug_abbrev  0x0000000000000b03      0x169 Core/Src/transmission.o
 .debug_abbrev  0x0000000000000c6c       0x12 Core/Startup/startup_stm32f051r8tx.o
 .debug_abbrev  0x0000000000000c7e      0x1f2 Drivers/STM32F0xx_HAL_Driver/Src/stm32f0xx_hal.o
 .debug_abbrev  0x0000000000000e70      0x1cf Drivers/STM32F0xx_HAL_Driver/Src/stm32f0xx_hal_adc.o
 .debug_abbrev  0x000000000000103f      0x273 Drivers/STM32F0xx_HAL_Driver/Src/stm32f0xx_hal_cortex.o
 .debug_abbrev  0x00000000000012b2      0x1ed Drivers/STM32F0xx_HAL_Driver/Src/stm32f0xx_hal_dma.o
 .debug_abbrev  0x000000000000149f      0x1c0 Drivers/STM32F0xx_HAL_Driver/Src/stm32f0xx_hal_gpio.o
 .debug_abbrev  0x000000000000165f      0x20f Drivers/STM32F0xx_HAL_Driver/Src/stm32f0xx_hal_rcc.o
 .debug_abbrev  0x000000000000186e      0x175 Drivers/STM32F0xx_HAL_Driver/Src/stm32f0xx_hal_rcc_ex.o
 .debug_abbrev  0x00000000000019e3      0x23f Drivers/STM32F0xx_HAL_Driver/Src/stm32f0xx_hal_tim.o
 .debug_abbrev  0x0000000000001c22      0x22d Drivers/STM32F0xx_HAL_Driver/Src/stm32f0xx_hal_tim_ex.o
 .debug_abbrev  0x0000000000001e4f      0x214 Drivers/STM32F0xx_HAL_Driver/Src/stm32f0xx_hal_uart.o
 .debug_abbrev  0x0000000000002063      0x1f1 Drivers/STM32F0xx_HAL_Driver/Src/stm32f0xx_hal_uart_ex.o

.debug_aranges  0x0000000000000000      0xd80
 .debug_aranges
                0x0000000000000000       0x20 Core/Src/direction.o
 .debug_aranges
                0x0000000000000020       0x58 Core/Src/main.o
 .debug_aranges
                0x0000000000000078       0x28 Core/Src/speed.o
 .debug_aranges
                0x00000000000000a0       0x40 Core/Src/speedConstantsSettings.o
 .debug_aranges
                0x00000000000000e0       0x50 Core/Src/stm32f0xx_hal_msp.o
 .debug_aranges
                0x0000000000000130       0x60 Core/Src/stm32f0xx_it.o
 .debug_aranges
                0x0000000000000190       0x28 Core/Src/system_stm32f0xx.o
 .debug_aranges
                0x00000000000001b8       0x20 Core/Src/transmission.o
 .debug_aranges
                0x00000000000001d8       0x28 Core/Startup/startup_stm32f051r8tx.o
 .debug_aranges
                0x0000000000000200       0xd0 Drivers/STM32F0xx_HAL_Driver/Src/stm32f0xx_hal.o
 .debug_aranges
                0x00000000000002d0       0xf8 Drivers/STM32F0xx_HAL_Driver/Src/stm32f0xx_hal_adc.o
 .debug_aranges
                0x00000000000003c8       0xc0 Drivers/STM32F0xx_HAL_Driver/Src/stm32f0xx_hal_cortex.o
 .debug_aranges
                0x0000000000000488       0x88 Drivers/STM32F0xx_HAL_Driver/Src/stm32f0xx_hal_dma.o
 .debug_aranges
                0x0000000000000510       0x58 Drivers/STM32F0xx_HAL_Driver/Src/stm32f0xx_hal_gpio.o
 .debug_aranges
                0x0000000000000568       0x80 Drivers/STM32F0xx_HAL_Driver/Src/stm32f0xx_hal_rcc.o
 .debug_aranges
                0x00000000000005e8       0x30 Drivers/STM32F0xx_HAL_Driver/Src/stm32f0xx_hal_rcc_ex.o
 .debug_aranges
                0x0000000000000618      0x3b8 Drivers/STM32F0xx_HAL_Driver/Src/stm32f0xx_hal_tim.o
 .debug_aranges
                0x00000000000009d0      0x150 Drivers/STM32F0xx_HAL_Driver/Src/stm32f0xx_hal_tim_ex.o
 .debug_aranges
                0x0000000000000b20      0x210 Drivers/STM32F0xx_HAL_Driver/Src/stm32f0xx_hal_uart.o
 .debug_aranges
                0x0000000000000d30       0x50 Drivers/STM32F0xx_HAL_Driver/Src/stm32f0xx_hal_uart_ex.o

.debug_ranges   0x0000000000000000      0xc48
 .debug_ranges  0x0000000000000000       0x10 Core/Src/direction.o
 .debug_ranges  0x0000000000000010       0x48 Core/Src/main.o
 .debug_ranges  0x0000000000000058       0x18 Core/Src/speed.o
 .debug_ranges  0x0000000000000070       0x30 Core/Src/speedConstantsSettings.o
 .debug_ranges  0x00000000000000a0       0x40 Core/Src/stm32f0xx_hal_msp.o
 .debug_ranges  0x00000000000000e0       0x50 Core/Src/stm32f0xx_it.o
 .debug_ranges  0x0000000000000130       0x18 Core/Src/system_stm32f0xx.o
 .debug_ranges  0x0000000000000148       0x10 Core/Src/transmission.o
 .debug_ranges  0x0000000000000158       0x20 Core/Startup/startup_stm32f051r8tx.o
 .debug_ranges  0x0000000000000178       0xc0 Drivers/STM32F0xx_HAL_Driver/Src/stm32f0xx_hal.o
 .debug_ranges  0x0000000000000238       0xe8 Drivers/STM32F0xx_HAL_Driver/Src/stm32f0xx_hal_adc.o
 .debug_ranges  0x0000000000000320       0xb0 Drivers/STM32F0xx_HAL_Driver/Src/stm32f0xx_hal_cortex.o
 .debug_ranges  0x00000000000003d0       0x78 Drivers/STM32F0xx_HAL_Driver/Src/stm32f0xx_hal_dma.o
 .debug_ranges  0x0000000000000448       0x48 Drivers/STM32F0xx_HAL_Driver/Src/stm32f0xx_hal_gpio.o
 .debug_ranges  0x0000000000000490       0x70 Drivers/STM32F0xx_HAL_Driver/Src/stm32f0xx_hal_rcc.o
 .debug_ranges  0x0000000000000500       0x20 Drivers/STM32F0xx_HAL_Driver/Src/stm32f0xx_hal_rcc_ex.o
 .debug_ranges  0x0000000000000520      0x3a8 Drivers/STM32F0xx_HAL_Driver/Src/stm32f0xx_hal_tim.o
 .debug_ranges  0x00000000000008c8      0x140 Drivers/STM32F0xx_HAL_Driver/Src/stm32f0xx_hal_tim_ex.o
 .debug_ranges  0x0000000000000a08      0x200 Drivers/STM32F0xx_HAL_Driver/Src/stm32f0xx_hal_uart.o
 .debug_ranges  0x0000000000000c08       0x40 Drivers/STM32F0xx_HAL_Driver/Src/stm32f0xx_hal_uart_ex.o

.debug_macro    0x0000000000000000     0xfef2
 .debug_macro   0x0000000000000000      0x1ec Core/Src/direction.o
 .debug_macro   0x00000000000001ec      0xa48 Core/Src/direction.o
 .debug_macro   0x0000000000000c34      0x139 Core/Src/direction.o
 .debug_macro   0x0000000000000d6d       0x2e Core/Src/direction.o
 .debug_macro   0x0000000000000d9b       0x22 Core/Src/direction.o
 .debug_macro   0x0000000000000dbd       0x22 Core/Src/direction.o
 .debug_macro   0x0000000000000ddf       0x8e Core/Src/direction.o
 .debug_macro   0x0000000000000e6d       0x51 Core/Src/direction.o
 .debug_macro   0x0000000000000ebe       0xef Core/Src/direction.o
 .debug_macro   0x0000000000000fad       0x6a Core/Src/direction.o
 .debug_macro   0x0000000000001017      0x1df Core/Src/direction.o
 .debug_macro   0x00000000000011f6       0x1c Core/Src/direction.o
 .debug_macro   0x0000000000001212       0x22 Core/Src/direction.o
 .debug_macro   0x0000000000001234       0xb5 Core/Src/direction.o
 .debug_macro   0x00000000000012e9      0x391 Core/Src/direction.o
 .debug_macro   0x000000000000167a     0x8cdd Core/Src/direction.o
 .debug_macro   0x000000000000a357       0x3c Core/Src/direction.o
 .debug_macro   0x000000000000a393      0x174 Core/Src/direction.o
 .debug_macro   0x000000000000a507       0x54 Core/Src/direction.o
 .debug_macro   0x000000000000a55b      0x924 Core/Src/direction.o
 .debug_macro   0x000000000000ae7f      0x251 Core/Src/direction.o
 .debug_macro   0x000000000000b0d0      0x12f Core/Src/direction.o
 .debug_macro   0x000000000000b1ff      0x114 Core/Src/direction.o
 .debug_macro   0x000000000000b313      0x1a0 Core/Src/direction.o
 .debug_macro   0x000000000000b4b3      0x1ed Core/Src/direction.o
 .debug_macro   0x000000000000b6a0       0x34 Core/Src/direction.o
 .debug_macro   0x000000000000b6d4       0x43 Core/Src/direction.o
 .debug_macro   0x000000000000b717       0x28 Core/Src/direction.o
 .debug_macro   0x000000000000b73f      0x33d Core/Src/direction.o
 .debug_macro   0x000000000000ba7c       0xd4 Core/Src/direction.o
 .debug_macro   0x000000000000bb50       0xb0 Core/Src/direction.o
 .debug_macro   0x000000000000bc00      0x199 Core/Src/direction.o
 .debug_macro   0x000000000000bd99      0x22c Core/Src/direction.o
 .debug_macro   0x000000000000bfc5       0x60 Core/Src/direction.o
 .debug_macro   0x000000000000c025       0xa5 Core/Src/direction.o
 .debug_macro   0x000000000000c0ca       0x4c Core/Src/direction.o
 .debug_macro   0x000000000000c116      0x112 Core/Src/direction.o
 .debug_macro   0x000000000000c228      0x8ae Core/Src/direction.o
 .debug_macro   0x000000000000cad6       0x28 Core/Src/direction.o
 .debug_macro   0x000000000000cafe      0x589 Core/Src/direction.o
 .debug_macro   0x000000000000d087       0x3e Core/Src/direction.o
 .debug_macro   0x000000000000d0c5      0x114 Core/Src/direction.o
 .debug_macro   0x000000000000d1d9       0x40 Core/Src/direction.o
 .debug_macro   0x000000000000d219      0x1ea Core/Src/main.o
 .debug_macro   0x000000000000d403      0x1eb Core/Src/speed.o
 .debug_macro   0x000000000000d5ee       0x10 Core/Src/speed.o
 .debug_macro   0x000000000000d5fe      0x27e Core/Src/speedConstantsSettings.o
 .debug_macro   0x000000000000d87c       0x40 Core/Src/speedConstantsSettings.o
 .debug_macro   0x000000000000d8bc       0x18 Core/Src/speedConstantsSettings.o
 .debug_macro   0x000000000000d8d4       0x94 Core/Src/speedConstantsSettings.o
 .debug_macro   0x000000000000d968       0x3c Core/Src/speedConstantsSettings.o
 .debug_macro   0x000000000000d9a4       0x34 Core/Src/speedConstantsSettings.o
 .debug_macro   0x000000000000d9d8       0x57 Core/Src/speedConstantsSettings.o
 .debug_macro   0x000000000000da2f       0x52 Core/Src/speedConstantsSettings.o
 .debug_macro   0x000000000000da81       0x1f Core/Src/speedConstantsSettings.o
 .debug_macro   0x000000000000daa0       0x43 Core/Src/speedConstantsSettings.o
 .debug_macro   0x000000000000dae3       0x20 Core/Src/speedConstantsSettings.o
 .debug_macro   0x000000000000db03      0x1a3 Core/Src/speedConstantsSettings.o
 .debug_macro   0x000000000000dca6      0x330 Core/Src/speedConstantsSettings.o
 .debug_macro   0x000000000000dfd6      0x1e1 Core/Src/speedConstantsSettings.o
 .debug_macro   0x000000000000e1b7       0xaf Core/Src/speedConstantsSettings.o
 .debug_macro   0x000000000000e266       0x4e Core/Src/speedConstantsSettings.o
 .debug_macro   0x000000000000e2b4      0x1dc Core/Src/stm32f0xx_hal_msp.o
 .debug_macro   0x000000000000e490      0x206 Core/Src/stm32f0xx_it.o
 .debug_macro   0x000000000000e696       0x10 Core/Src/stm32f0xx_it.o
 .debug_macro   0x000000000000e6a6       0x16 Core/Src/stm32f0xx_it.o
 .debug_macro   0x000000000000e6bc      0x1cd Core/Src/system_stm32f0xx.o
 .debug_macro   0x000000000000e889      0x1ea Core/Src/transmission.o
 .debug_macro   0x000000000000ea73      0x1f1 Drivers/STM32F0xx_HAL_Driver/Src/stm32f0xx_hal.o
 .debug_macro   0x000000000000ec64      0x1f1 Drivers/STM32F0xx_HAL_Driver/Src/stm32f0xx_hal_adc.o
 .debug_macro   0x000000000000ee55      0x1cd Drivers/STM32F0xx_HAL_Driver/Src/stm32f0xx_hal_cortex.o
 .debug_macro   0x000000000000f022      0x1cd Drivers/STM32F0xx_HAL_Driver/Src/stm32f0xx_hal_dma.o
 .debug_macro   0x000000000000f1ef      0x205 Drivers/STM32F0xx_HAL_Driver/Src/stm32f0xx_hal_gpio.o
 .debug_macro   0x000000000000f3f4      0x1df Drivers/STM32F0xx_HAL_Driver/Src/stm32f0xx_hal_rcc.o
 .debug_macro   0x000000000000f5d3      0x1cd Drivers/STM32F0xx_HAL_Driver/Src/stm32f0xx_hal_rcc_ex.o
 .debug_macro   0x000000000000f7a0      0x1ce Drivers/STM32F0xx_HAL_Driver/Src/stm32f0xx_hal_tim.o
 .debug_macro   0x000000000000f96e      0x1cd Drivers/STM32F0xx_HAL_Driver/Src/stm32f0xx_hal_tim_ex.o
 .debug_macro   0x000000000000fb3b      0x1ea Drivers/STM32F0xx_HAL_Driver/Src/stm32f0xx_hal_uart.o
 .debug_macro   0x000000000000fd25      0x1cd Drivers/STM32F0xx_HAL_Driver/Src/stm32f0xx_hal_uart_ex.o

.debug_line     0x0000000000000000     0xbc92
 .debug_line    0x0000000000000000      0x737 Core/Src/direction.o
 .debug_line    0x0000000000000737      0x7bc Core/Src/main.o
 .debug_line    0x0000000000000ef3      0x717 Core/Src/speed.o
 .debug_line    0x000000000000160a      0x8aa Core/Src/speedConstantsSettings.o
 .debug_line    0x0000000000001eb4      0x76f Core/Src/stm32f0xx_hal_msp.o
 .debug_line    0x0000000000002623      0x7aa Core/Src/stm32f0xx_it.o
 .debug_line    0x0000000000002dcd      0x6e7 Core/Src/system_stm32f0xx.o
 .debug_line    0x00000000000034b4      0x6dc Core/Src/transmission.o
 .debug_line    0x0000000000003b90       0x89 Core/Startup/startup_stm32f051r8tx.o
 .debug_line    0x0000000000003c19      0x883 Drivers/STM32F0xx_HAL_Driver/Src/stm32f0xx_hal.o
 .debug_line    0x000000000000449c      0xc60 Drivers/STM32F0xx_HAL_Driver/Src/stm32f0xx_hal_adc.o
 .debug_line    0x00000000000050fc      0x89b Drivers/STM32F0xx_HAL_Driver/Src/stm32f0xx_hal_cortex.o
 .debug_line    0x0000000000005997      0x8e1 Drivers/STM32F0xx_HAL_Driver/Src/stm32f0xx_hal_dma.o
 .debug_line    0x0000000000006278      0x846 Drivers/STM32F0xx_HAL_Driver/Src/stm32f0xx_hal_gpio.o
 .debug_line    0x0000000000006abe      0x944 Drivers/STM32F0xx_HAL_Driver/Src/stm32f0xx_hal_rcc.o
 .debug_line    0x0000000000007402      0x7c2 Drivers/STM32F0xx_HAL_Driver/Src/stm32f0xx_hal_rcc_ex.o
 .debug_line    0x0000000000007bc4     0x1ab5 Drivers/STM32F0xx_HAL_Driver/Src/stm32f0xx_hal_tim.o
 .debug_line    0x0000000000009679      0xccf Drivers/STM32F0xx_HAL_Driver/Src/stm32f0xx_hal_tim_ex.o
 .debug_line    0x000000000000a348     0x1184 Drivers/STM32F0xx_HAL_Driver/Src/stm32f0xx_hal_uart.o
 .debug_line    0x000000000000b4cc      0x7c6 Drivers/STM32F0xx_HAL_Driver/Src/stm32f0xx_hal_uart_ex.o

.debug_str      0x0000000000000000    0x5aa31
 .debug_str     0x0000000000000000    0x537b2 Core/Src/direction.o
                                      0x539d4 (size before relaxing)
 .debug_str     0x00000000000537b2      0xc06 Core/Src/main.o
                                      0x54663 (size before relaxing)
 .debug_str     0x00000000000543b8       0x67 Core/Src/speed.o
                                      0x539cc (size before relaxing)
 .debug_str     0x000000000005441f     0x3777 Core/Src/speedConstantsSettings.o
                                      0x57190 (size before relaxing)
 .debug_str     0x0000000000057b96       0xae Core/Src/stm32f0xx_hal_msp.o
                                      0x543de (size before relaxing)
 .debug_str     0x0000000000057c44       0x98 Core/Src/stm32f0xx_it.o
                                      0x541f7 (size before relaxing)
 .debug_str     0x0000000000057cdc       0x5f Core/Src/system_stm32f0xx.o
                                      0x53844 (size before relaxing)
 .debug_str     0x0000000000057d3b       0x30 Core/Src/transmission.o
                                      0x53d8a (size before relaxing)
 .debug_str     0x0000000000057d6b       0x36 Core/Startup/startup_stm32f051r8tx.o
                                         0x98 (size before relaxing)
 .debug_str     0x0000000000057da1      0x398 Drivers/STM32F0xx_HAL_Driver/Src/stm32f0xx_hal.o
                                      0x53d7e (size before relaxing)
 .debug_str     0x0000000000058139      0x37f Drivers/STM32F0xx_HAL_Driver/Src/stm32f0xx_hal_adc.o
                                      0x53f44 (size before relaxing)
 .debug_str     0x00000000000584b8      0x1f8 Drivers/STM32F0xx_HAL_Driver/Src/stm32f0xx_hal_cortex.o
                                      0x53c36 (size before relaxing)
 .debug_str     0x00000000000586b0      0x248 Drivers/STM32F0xx_HAL_Driver/Src/stm32f0xx_hal_dma.o
                                      0x53c1c (size before relaxing)
 .debug_str     0x00000000000588f8      0x208 Drivers/STM32F0xx_HAL_Driver/Src/stm32f0xx_hal_gpio.o
                                      0x53ae0 (size before relaxing)
 .debug_str     0x0000000000058b00      0x254 Drivers/STM32F0xx_HAL_Driver/Src/stm32f0xx_hal_rcc.o
                                      0x53c4e (size before relaxing)
 .debug_str     0x0000000000058d54       0xb1 Drivers/STM32F0xx_HAL_Driver/Src/stm32f0xx_hal_rcc_ex.o
                                      0x53992 (size before relaxing)
 .debug_str     0x0000000000058e05      0xdb5 Drivers/STM32F0xx_HAL_Driver/Src/stm32f0xx_hal_tim.o
                                      0x54a3d (size before relaxing)
 .debug_str     0x0000000000059bba      0x52f Drivers/STM32F0xx_HAL_Driver/Src/stm32f0xx_hal_tim_ex.o
                                      0x541f1 (size before relaxing)
 .debug_str     0x000000000005a0e9      0x7e8 Drivers/STM32F0xx_HAL_Driver/Src/stm32f0xx_hal_uart.o
                                      0x54459 (size before relaxing)
 .debug_str     0x000000000005a8d1      0x160 Drivers/STM32F0xx_HAL_Driver/Src/stm32f0xx_hal_uart_ex.o
                                      0x53d38 (size before relaxing)

.comment        0x0000000000000000       0x7b
 .comment       0x0000000000000000       0x7b Core/Src/direction.o
                                         0x7c (size before relaxing)
 .comment       0x000000000000007b       0x7c Core/Src/main.o
 .comment       0x000000000000007b       0x7c Core/Src/speed.o
 .comment       0x000000000000007b       0x7c Core/Src/speedConstantsSettings.o
 .comment       0x000000000000007b       0x7c Core/Src/stm32f0xx_hal_msp.o
 .comment       0x000000000000007b       0x7c Core/Src/stm32f0xx_it.o
 .comment       0x000000000000007b       0x7c Core/Src/system_stm32f0xx.o
 .comment       0x000000000000007b       0x7c Core/Src/transmission.o
 .comment       0x000000000000007b       0x7c Drivers/STM32F0xx_HAL_Driver/Src/stm32f0xx_hal.o
 .comment       0x000000000000007b       0x7c Drivers/STM32F0xx_HAL_Driver/Src/stm32f0xx_hal_adc.o
 .comment       0x000000000000007b       0x7c Drivers/STM32F0xx_HAL_Driver/Src/stm32f0xx_hal_cortex.o
 .comment       0x000000000000007b       0x7c Drivers/STM32F0xx_HAL_Driver/Src/stm32f0xx_hal_dma.o
 .comment       0x000000000000007b       0x7c Drivers/STM32F0xx_HAL_Driver/Src/stm32f0xx_hal_gpio.o
 .comment       0x000000000000007b       0x7c Drivers/STM32F0xx_HAL_Driver/Src/stm32f0xx_hal_rcc.o
 .comment       0x000000000000007b       0x7c Drivers/STM32F0xx_HAL_Driver/Src/stm32f0xx_hal_rcc_ex.o
 .comment       0x000000000000007b       0x7c Drivers/STM32F0xx_HAL_Driver/Src/stm32f0xx_hal_tim.o
 .comment       0x000000000000007b       0x7c Drivers/STM32F0xx_HAL_Driver/Src/stm32f0xx_hal_tim_ex.o
 .comment       0x000000000000007b       0x7c Drivers/STM32F0xx_HAL_Driver/Src/stm32f0xx_hal_uart.o
 .comment       0x000000000000007b       0x7c Drivers/STM32F0xx_HAL_Driver/Src/stm32f0xx_hal_uart_ex.o

.debug_frame    0x0000000000000000     0x30d4
 .debug_frame   0x0000000000000000       0x30 Core/Src/direction.o
 .debug_frame   0x0000000000000030      0x104 Core/Src/main.o
 .debug_frame   0x0000000000000134       0x50 Core/Src/speed.o
 .debug_frame   0x0000000000000184       0xa8 Core/Src/speedConstantsSettings.o
 .debug_frame   0x000000000000022c       0xf0 Core/Src/stm32f0xx_hal_msp.o
 .debug_frame   0x000000000000031c      0x114 Core/Src/stm32f0xx_it.o
 .debug_frame   0x0000000000000430       0x4c Core/Src/system_stm32f0xx.o
 .debug_frame   0x000000000000047c       0x34 Core/Src/transmission.o
 .debug_frame   0x00000000000004b0      0x2a4 Drivers/STM32F0xx_HAL_Driver/Src/stm32f0xx_hal.o
 .debug_frame   0x0000000000000754      0x3a0 Drivers/STM32F0xx_HAL_Driver/Src/stm32f0xx_hal_adc.o
 .debug_frame   0x0000000000000af4      0x2a0 Drivers/STM32F0xx_HAL_Driver/Src/stm32f0xx_hal_cortex.o
 .debug_frame   0x0000000000000d94      0x1d0 Drivers/STM32F0xx_HAL_Driver/Src/stm32f0xx_hal_dma.o
 .debug_frame   0x0000000000000f64      0x110 Drivers/STM32F0xx_HAL_Driver/Src/stm32f0xx_hal_gpio.o
 .debug_frame   0x0000000000001074      0x198 Drivers/STM32F0xx_HAL_Driver/Src/stm32f0xx_hal_rcc.o
 .debug_frame   0x000000000000120c       0x70 Drivers/STM32F0xx_HAL_Driver/Src/stm32f0xx_hal_rcc_ex.o
 .debug_frame   0x000000000000127c      0xe90 Drivers/STM32F0xx_HAL_Driver/Src/stm32f0xx_hal_tim.o
 .debug_frame   0x000000000000210c      0x4f0 Drivers/STM32F0xx_HAL_Driver/Src/stm32f0xx_hal_tim_ex.o
 .debug_frame   0x00000000000025fc      0x7f0 Drivers/STM32F0xx_HAL_Driver/Src/stm32f0xx_hal_uart.o
 .debug_frame   0x0000000000002dec       0xf0 Drivers/STM32F0xx_HAL_Driver/Src/stm32f0xx_hal_uart_ex.o
 .debug_frame   0x0000000000002edc       0x2c c:/st/stm32cubeide_1.4.0/stm32cubeide/plugins/com.st.stm32cube.ide.mcu.externaltools.gnu-tools-for-stm32.7-2018-q2-update.win32_1.4.0.202007081208/tools/bin/../lib/gcc/arm-none-eabi/7.3.1/../../../../arm-none-eabi/lib/thumb/v6-m\libc_nano.a(lib_a-init.o)
 .debug_frame   0x0000000000002f08       0x28 c:/st/stm32cubeide_1.4.0/stm32cubeide/plugins/com.st.stm32cube.ide.mcu.externaltools.gnu-tools-for-stm32.7-2018-q2-update.win32_1.4.0.202007081208/tools/bin/../lib/gcc/arm-none-eabi/7.3.1/../../../../arm-none-eabi/lib/thumb/v6-m\libc_nano.a(lib_a-memcpy-stub.o)
 .debug_frame   0x0000000000002f30       0x20 c:/st/stm32cubeide_1.4.0/stm32cubeide/plugins/com.st.stm32cube.ide.mcu.externaltools.gnu-tools-for-stm32.7-2018-q2-update.win32_1.4.0.202007081208/tools/bin/../lib/gcc/arm-none-eabi/7.3.1/../../../../arm-none-eabi/lib/thumb/v6-m\libc_nano.a(lib_a-memset.o)
 .debug_frame   0x0000000000002f50       0x20 c:/st/stm32cubeide_1.4.0/stm32cubeide/plugins/com.st.stm32cube.ide.mcu.externaltools.gnu-tools-for-stm32.7-2018-q2-update.win32_1.4.0.202007081208/tools/bin/../lib/gcc/arm-none-eabi/7.3.1/thumb/v6-m\libgcc.a(_udivsi3.o)
 .debug_frame   0x0000000000002f70       0x2c c:/st/stm32cubeide_1.4.0/stm32cubeide/plugins/com.st.stm32cube.ide.mcu.externaltools.gnu-tools-for-stm32.7-2018-q2-update.win32_1.4.0.202007081208/tools/bin/../lib/gcc/arm-none-eabi/7.3.1/thumb/v6-m\libgcc.a(_fixunsdfsi.o)
 .debug_frame   0x0000000000002f9c       0x3c c:/st/stm32cubeide_1.4.0/stm32cubeide/plugins/com.st.stm32cube.ide.mcu.externaltools.gnu-tools-for-stm32.7-2018-q2-update.win32_1.4.0.202007081208/tools/bin/../lib/gcc/arm-none-eabi/7.3.1/thumb/v6-m\libgcc.a(subdf3.o)
 .debug_frame   0x0000000000002fd8       0x2c c:/st/stm32cubeide_1.4.0/stm32cubeide/plugins/com.st.stm32cube.ide.mcu.externaltools.gnu-tools-for-stm32.7-2018-q2-update.win32_1.4.0.202007081208/tools/bin/../lib/gcc/arm-none-eabi/7.3.1/thumb/v6-m\libgcc.a(fixdfsi.o)
 .debug_frame   0x0000000000003004       0x28 c:/st/stm32cubeide_1.4.0/stm32cubeide/plugins/com.st.stm32cube.ide.mcu.externaltools.gnu-tools-for-stm32.7-2018-q2-update.win32_1.4.0.202007081208/tools/bin/../lib/gcc/arm-none-eabi/7.3.1/thumb/v6-m\libgcc.a(floatunsidf.o)
 .debug_frame   0x000000000000302c       0x38 c:/st/stm32cubeide_1.4.0/stm32cubeide/plugins/com.st.stm32cube.ide.mcu.externaltools.gnu-tools-for-stm32.7-2018-q2-update.win32_1.4.0.202007081208/tools/bin/../lib/gcc/arm-none-eabi/7.3.1/thumb/v6-m\libgcc.a(eqdf2.o)
 .debug_frame   0x0000000000003064       0x38 c:/st/stm32cubeide_1.4.0/stm32cubeide/plugins/com.st.stm32cube.ide.mcu.externaltools.gnu-tools-for-stm32.7-2018-q2-update.win32_1.4.0.202007081208/tools/bin/../lib/gcc/arm-none-eabi/7.3.1/thumb/v6-m\libgcc.a(gedf2.o)
 .debug_frame   0x000000000000309c       0x38 c:/st/stm32cubeide_1.4.0/stm32cubeide/plugins/com.st.stm32cube.ide.mcu.externaltools.gnu-tools-for-stm32.7-2018-q2-update.win32_1.4.0.202007081208/tools/bin/../lib/gcc/arm-none-eabi/7.3.1/thumb/v6-m\libgcc.a(ledf2.o)
